// Jest Snapshot v1, https://goo.gl/fbAQLP

exports[`components/paymentmodule/PaymentPlanDetails/PaymentPlanDetailsHeader/HeaderButtons/InReviewPaymentPlanHeaderButtons should render with buttons 1`] = `
<div>
  <div
    class="MuiBox-root css-70qvj9"
  >
    <div
      class="MuiBox-root css-hpgf8j"
    >
      <button
        class="MuiButtonBase-root MuiButton-root MuiButton-text MuiButton-textPrimary MuiButton-sizeMedium MuiButton-textSizeMedium MuiButton-colorPrimary MuiButton-root MuiButton-text MuiButton-textPrimary MuiButton-sizeMedium MuiButton-textSizeMedium MuiButton-colorPrimary css-1cl7z2v-MuiButtonBase-root-MuiButton-root"
        data-cy="button-reject"
        tabindex="0"
        type="button"
      >
        Reject
      </button>
    </div>
    <div
      class="MuiBox-root css-hpgf8j"
    >
      <button
        class="MuiButtonBase-root MuiButton-root MuiButton-contained MuiButton-containedPrimary MuiButton-sizeMedium MuiButton-containedSizeMedium MuiButton-colorPrimary MuiButton-root MuiButton-contained MuiButton-containedPrimary MuiButton-sizeMedium MuiButton-containedSizeMedium MuiButton-colorPrimary css-cx92lf-MuiButtonBase-root-MuiButton-root"
        data-cy="button-mark-as-released"
        tabindex="0"
        type="button"
      >
        Mark as released
      </button>
    </div>
  </div>
</div>
`;
