// Jest Snapshot v1, https://goo.gl/fbAQLP

exports[`components/paymentmodule/PaymentPlanDetails/PaymentPlanDetailsHeader/HeaderButtons/AcceptedPaymentPlanHeaderButtons should render disabled buttons 1`] = `
<div>
  <div
    class="MuiBox-root css-70qvj9"
  >
    <div
      class="MuiBox-root css-hpgf8j"
    >
      <form
        action="#"
      >
        <button
          class="MuiButtonBase-root MuiButton-root MuiButton-contained MuiButton-containedPrimary MuiButton-sizeMedium MuiButton-containedSizeMedium MuiButton-colorPrimary Mui-disabled MuiButton-root MuiButton-contained MuiButton-containedPrimary MuiButton-sizeMedium MuiButton-containedSizeMedium MuiButton-colorPrimary css-dl1jos-MuiButtonBase-root-MuiButton-root"
          disabled=""
          tabindex="-1"
          type="button"
        >
          Split
          <span
            class="MuiButton-icon MuiButton-endIcon MuiButton-iconSizeMedium css-9tj150-MuiButton-endIcon"
          >
            <svg
              aria-hidden="true"
              class="MuiSvgIcon-root MuiSvgIcon-fontSizeMedium css-i4bv87-MuiSvgIcon-root"
              data-testid="ReorderIcon"
              focusable="false"
              viewBox="0 0 24 24"
            >
              <path
                d="M3 15h18v-2H3zm0 4h18v-2H3zm0-8h18V9H3zm0-6v2h18V5z"
              />
            </svg>
          </span>
        </button>
      </form>
    </div>
    <div
      class="MuiBox-root css-1ynyhby"
    >
      <button
        class="MuiButtonBase-root MuiButton-root MuiButton-contained MuiButton-containedPrimary MuiButton-sizeMedium MuiButton-containedSizeMedium MuiButton-colorPrimary Mui-disabled MuiButton-root MuiButton-contained MuiButton-containedPrimary MuiButton-sizeMedium MuiButton-containedSizeMedium MuiButton-colorPrimary css-dl1jos-MuiButtonBase-root-MuiButton-root"
        data-cy="button-export-xlsx"
        disabled=""
        tabindex="-1"
        type="button"
      >
        <span
          class="MuiButton-icon MuiButton-startIcon MuiButton-iconSizeMedium css-1d6wzja-MuiButton-startIcon"
        >
          <svg
            aria-hidden="true"
            class="MuiSvgIcon-root MuiSvgIcon-fontSizeMedium css-i4bv87-MuiSvgIcon-root"
            data-testid="GetAppIcon"
            focusable="false"
            viewBox="0 0 24 24"
          >
            <path
              d="M19 9h-4V3H9v6H5l7 7zM5 18v2h14v-2z"
            />
          </svg>
        </span>
        Export Xlsx
      </button>
    </div>
  </div>
</div>
`;

exports[`components/paymentmodule/PaymentPlanDetails/PaymentPlanDetailsHeader/HeaderButtons/AcceptedPaymentPlanHeaderButtons should render not disabled buttons 1`] = `
<div>
  <div
    class="MuiBox-root css-70qvj9"
  >
    <div
      class="MuiBox-root css-hpgf8j"
    >
      <form
        action="#"
      >
        <button
          class="MuiButtonBase-root MuiButton-root MuiButton-contained MuiButton-containedPrimary MuiButton-sizeMedium MuiButton-containedSizeMedium MuiButton-colorPrimary MuiButton-root MuiButton-contained MuiButton-containedPrimary MuiButton-sizeMedium MuiButton-containedSizeMedium MuiButton-colorPrimary css-dl1jos-MuiButtonBase-root-MuiButton-root"
          tabindex="0"
          type="button"
        >
          Split
          <span
            class="MuiButton-icon MuiButton-endIcon MuiButton-iconSizeMedium css-9tj150-MuiButton-endIcon"
          >
            <svg
              aria-hidden="true"
              class="MuiSvgIcon-root MuiSvgIcon-fontSizeMedium css-i4bv87-MuiSvgIcon-root"
              data-testid="ReorderIcon"
              focusable="false"
              viewBox="0 0 24 24"
            >
              <path
                d="M3 15h18v-2H3zm0 4h18v-2H3zm0-8h18V9H3zm0-6v2h18V5z"
              />
            </svg>
          </span>
          <span
            class="MuiTouchRipple-root css-8je8zh-MuiTouchRipple-root"
          />
        </button>
      </form>
    </div>
    <div
      class="MuiBox-root css-1ynyhby"
    >
      <button
        class="MuiButtonBase-root MuiButton-root MuiButton-contained MuiButton-containedPrimary MuiButton-sizeMedium MuiButton-containedSizeMedium MuiButton-colorPrimary MuiButton-root MuiButton-contained MuiButton-containedPrimary MuiButton-sizeMedium MuiButton-containedSizeMedium MuiButton-colorPrimary css-dl1jos-MuiButtonBase-root-MuiButton-root"
        data-cy="button-export-xlsx"
        tabindex="0"
        type="button"
      >
        <span
          class="MuiButton-icon MuiButton-startIcon MuiButton-iconSizeMedium css-1d6wzja-MuiButton-startIcon"
        >
          <svg
            aria-hidden="true"
            class="MuiSvgIcon-root MuiSvgIcon-fontSizeMedium css-i4bv87-MuiSvgIcon-root"
            data-testid="GetAppIcon"
            focusable="false"
            viewBox="0 0 24 24"
          >
            <path
              d="M19 9h-4V3H9v6H5l7 7zM5 18v2h14v-2z"
            />
          </svg>
        </span>
        Export Xlsx
        <span
          class="MuiTouchRipple-root css-8je8zh-MuiTouchRipple-root"
        />
      </button>
    </div>
    <div
      class="MuiBox-root css-1ynyhby"
    >
      <button
        class="MuiButtonBase-root MuiButton-root MuiButton-contained MuiButton-containedPrimary MuiButton-sizeMedium MuiButton-containedSizeMedium MuiButton-colorPrimary MuiButton-root MuiButton-contained MuiButton-containedPrimary MuiButton-sizeMedium MuiButton-containedSizeMedium MuiButton-colorPrimary css-dl1jos-MuiButtonBase-root-MuiButton-root"
        data-cy="button-send-to-payment-gateway"
        tabindex="0"
        type="button"
      >
        Send to FSP
        <span
          class="MuiTouchRipple-root css-8je8zh-MuiTouchRipple-root"
        />
      </button>
    </div>
  </div>
</div>
`;
