// Jest Snapshot v1, https://goo.gl/fbAQLP

exports[`components/dashboard/TotalNumberOfIndividualsReachedSection should render 1`] = `
<div>
  <div
    class="MuiPaper-root MuiPaper-elevation MuiPaper-rounded MuiPaper-elevation1 sc-kLhKbu bmwOMh css-1ps6pg7-MuiPaper-root"
    color="#345DA0"
  >
    <div
      class="sc-egkSDF DXwdF"
    >
      TOTAL NUMBER OF INDIVIDUALS REACHED
    </div>
    <div
      class="MuiGrid-root MuiGrid-container css-9cyib4-MuiGrid-root"
    >
      <div
        class="MuiGrid-root MuiGrid-item css-13i4rnv-MuiGrid-root"
        data-cy="total-number-of-individuals-reached"
      >
        <div
          class="sc-khLCKb hScFTY"
        >
          0
        </div>
      </div>
      <div
        class="MuiGrid-root MuiGrid-item css-13i4rnv-MuiGrid-root"
      >
        <div
          bg="#D9E2EF"
          class="sc-ghWlax gTXmEW"
          color="#023F90"
        >
          <svg
            aria-hidden="true"
            class="MuiSvgIcon-root MuiSvgIcon-fontSizeInherit css-1vooibu-MuiSvgIcon-root"
            data-testid="PersonIcon"
            focusable="false"
            viewBox="0 0 24 24"
          >
            <path
              d="M12 12c2.21 0 4-1.79 4-4s-1.79-4-4-4-4 1.79-4 4 1.79 4 4 4m0 2c-2.67 0-8 1.34-8 4v2h16v-2c0-2.66-5.33-4-8-4"
            />
          </svg>
        </div>
      </div>
    </div>
  </div>
</div>
`;
