// Jest Snapshot v1, https://goo.gl/fbAQLP

exports[`components/paymentmodule/EditSetUpFsp/EditSetUpFspHeader should render 1`] = `
<div>
  <div
    class="css-14yyz2y"
    data-cy="page-header-container"
  >
    <div
      class="css-1dm7nei"
    >
      <div
        class="css-175cn9v"
      >
        <div>
          <div
            class="MuiBox-root css-70qvj9"
          >
            <div
              class="css-1ukvkn"
            >
              <h5
                class="MuiTypography-root MuiTypography-h5 css-ag7rrr-MuiTypography-root"
                data-cy="page-header-title"
              >
                Edit Set up FSP
              </h5>
            </div>
            <div
              class="MuiBox-root css-15aqakd"
              data-cy="button-admin"
            />
          </div>
        </div>
        <div
          class="css-70qvj9"
        />
      </div>
    </div>
    <div
      class="css-l30346"
    />
  </div>
</div>
`;
