// Jest Snapshot v1, https://goo.gl/fbAQLP

exports[`containers/tables//Communication/CommunicationTable should render loading 1`] = `
<div>
  <div
    class="sc-KXCwU edfDZM"
  >
    <div
      class="sc-hWWBcw glzqeh"
    >
      <div
        class="MuiPaper-root MuiPaper-elevation MuiPaper-rounded MuiPaper-elevation1 sc-jHbxoU cxLkyn css-1gtchvp-MuiPaper-root"
        style="--Paper-shadow: 0px 2px 1px -1px rgba(0,0,0,0.2),0px 1px 1px 0px rgba(0,0,0,0.14),0px 1px 3px 0px rgba(0,0,0,0.12);"
      >
        <div
          class="MuiTableContainer-root sc-jMLmsk css-70zvr5-MuiTableContainer-root"
        >
          <div
            class="sc-cMHOsR BZKmm MuiBox-root css-0"
          >
            <div
              class="MuiToolbar-root MuiToolbar-gutters MuiToolbar-regular css-16wdp7y-MuiToolbar-root"
            >
              <h6
                class="MuiTypography-root MuiTypography-h6 css-15aaxeb-MuiTypography-root"
                data-cy="table-title"
              >
                Messages List
              </h6>
            </div>
            <div
              class="sc-cMHOsR BZKmm MuiBox-root css-1ruxp1v"
            />
          </div>
          <table
            class="MuiTable-root sc-cGXZpB sc-kfmGjC jfkrWK hcGOws css-14k3lwa-MuiTable-root"
          >
            <thead
              class="MuiTableHead-root css-1a7iywq-MuiTableHead-root"
            >
              <tr
                class="MuiTableRow-root MuiTableRow-head css-1o8lslm-MuiTableRow-root"
              >
                <th
                  class="MuiTableCell-root MuiTableCell-head MuiTableCell-alignLeft MuiTableCell-sizeMedium css-1e9a4b0-MuiTableCell-root"
                  scope="col"
                >
                  <span
                    class="MuiButtonBase-root MuiTableSortLabel-root MuiTableSortLabel-directionAsc sc-gTrWKq fFZOTJ css-7x9vt0-MuiButtonBase-root-MuiTableSortLabel-root"
                    data-cy="table-label"
                    role="button"
                    tabindex="0"
                  >
                    Message ID
                    <svg
                      aria-hidden="true"
                      class="MuiSvgIcon-root MuiSvgIcon-fontSizeMedium MuiTableSortLabel-icon MuiTableSortLabel-iconDirectionAsc css-7ojauk-MuiSvgIcon-root-MuiTableSortLabel-icon"
                      data-testid="ArrowDownwardIcon"
                      focusable="false"
                      viewBox="0 0 24 24"
                    >
                      <path
                        d="M20 12l-1.41-1.41L13 16.17V4h-2v12.17l-5.58-5.59L4 12l8 8 8-8z"
                      />
                    </svg>
                  </span>
                </th>
                <th
                  class="MuiTableCell-root MuiTableCell-head MuiTableCell-alignLeft MuiTableCell-sizeMedium css-1e9a4b0-MuiTableCell-root"
                  scope="col"
                >
                  <span
                    class="MuiButtonBase-root MuiTableSortLabel-root MuiTableSortLabel-directionAsc sc-gTrWKq fFZOTJ css-7x9vt0-MuiButtonBase-root-MuiTableSortLabel-root"
                    data-cy="table-label"
                    role="button"
                    tabindex="0"
                  >
                    Title
                    <svg
                      aria-hidden="true"
                      class="MuiSvgIcon-root MuiSvgIcon-fontSizeMedium MuiTableSortLabel-icon MuiTableSortLabel-iconDirectionAsc css-7ojauk-MuiSvgIcon-root-MuiTableSortLabel-icon"
                      data-testid="ArrowDownwardIcon"
                      focusable="false"
                      viewBox="0 0 24 24"
                    >
                      <path
                        d="M20 12l-1.41-1.41L13 16.17V4h-2v12.17l-5.58-5.59L4 12l8 8 8-8z"
                      />
                    </svg>
                  </span>
                </th>
                <th
                  class="MuiTableCell-root MuiTableCell-head MuiTableCell-alignLeft MuiTableCell-sizeMedium css-1e9a4b0-MuiTableCell-root"
                  scope="col"
                >
                  <span
                    class="MuiButtonBase-root MuiTableSortLabel-root MuiTableSortLabel-directionAsc sc-gTrWKq fFZOTJ css-7x9vt0-MuiButtonBase-root-MuiTableSortLabel-root"
                    data-cy="table-label"
                    role="button"
                    tabindex="0"
                  >
                    Number of Recipients
                    <svg
                      aria-hidden="true"
                      class="MuiSvgIcon-root MuiSvgIcon-fontSizeMedium MuiTableSortLabel-icon MuiTableSortLabel-iconDirectionAsc css-7ojauk-MuiSvgIcon-root-MuiTableSortLabel-icon"
                      data-testid="ArrowDownwardIcon"
                      focusable="false"
                      viewBox="0 0 24 24"
                    >
                      <path
                        d="M20 12l-1.41-1.41L13 16.17V4h-2v12.17l-5.58-5.59L4 12l8 8 8-8z"
                      />
                    </svg>
                  </span>
                </th>
                <th
                  class="MuiTableCell-root MuiTableCell-head MuiTableCell-alignLeft MuiTableCell-sizeMedium css-1e9a4b0-MuiTableCell-root"
                  scope="col"
                >
                  <span
                    class="MuiButtonBase-root MuiTableSortLabel-root MuiTableSortLabel-directionAsc sc-gTrWKq fFZOTJ css-7x9vt0-MuiButtonBase-root-MuiTableSortLabel-root"
                    data-cy="table-label"
                    role="button"
                    tabindex="0"
                  >
                    Created by
                    <svg
                      aria-hidden="true"
                      class="MuiSvgIcon-root MuiSvgIcon-fontSizeMedium MuiTableSortLabel-icon MuiTableSortLabel-iconDirectionAsc css-7ojauk-MuiSvgIcon-root-MuiTableSortLabel-icon"
                      data-testid="ArrowDownwardIcon"
                      focusable="false"
                      viewBox="0 0 24 24"
                    >
                      <path
                        d="M20 12l-1.41-1.41L13 16.17V4h-2v12.17l-5.58-5.59L4 12l8 8 8-8z"
                      />
                    </svg>
                  </span>
                </th>
                <th
                  class="MuiTableCell-root MuiTableCell-head MuiTableCell-alignLeft MuiTableCell-sizeMedium css-1e9a4b0-MuiTableCell-root"
                  scope="col"
                >
                  <span
                    class="MuiButtonBase-root MuiTableSortLabel-root MuiTableSortLabel-directionAsc sc-gTrWKq fFZOTJ css-7x9vt0-MuiButtonBase-root-MuiTableSortLabel-root"
                    data-cy="table-label"
                    role="button"
                    tabindex="0"
                  >
                    Creation Date
                    <svg
                      aria-hidden="true"
                      class="MuiSvgIcon-root MuiSvgIcon-fontSizeMedium MuiTableSortLabel-icon MuiTableSortLabel-iconDirectionAsc css-7ojauk-MuiSvgIcon-root-MuiTableSortLabel-icon"
                      data-testid="ArrowDownwardIcon"
                      focusable="false"
                      viewBox="0 0 24 24"
                    >
                      <path
                        d="M20 12l-1.41-1.41L13 16.17V4h-2v12.17l-5.58-5.59L4 12l8 8 8-8z"
                      />
                    </svg>
                  </span>
                </th>
              </tr>
            </thead>
            <tbody
              class="MuiTableBody-root css-gmh7jj-MuiTableBody-root"
            >
              <tr
                class="MuiTableRow-root sc-jZCRgm eekLry css-1o8lslm-MuiTableRow-root"
                data-cy="table-row"
              >
                <td
                  class="MuiTableCell-root MuiTableCell-body MuiTableCell-sizeMedium sc-cZztgT kkzxcC css-1dc80h3-MuiTableCell-root"
                  colspan="5"
                >
                  <span
                    class="MuiSkeleton-root MuiSkeleton-rectangular MuiSkeleton-pulse css-3sr0vz-MuiSkeleton-root"
                    style="width: 100%; height: 70px;"
                  />
                </td>
              </tr>
              <tr
                class="MuiTableRow-root sc-jZCRgm eekLry css-1o8lslm-MuiTableRow-root"
                data-cy="table-row"
              >
                <td
                  class="MuiTableCell-root MuiTableCell-body MuiTableCell-sizeMedium sc-cZztgT kkzxcC css-1dc80h3-MuiTableCell-root"
                  colspan="5"
                >
                  <span
                    class="MuiSkeleton-root MuiSkeleton-rectangular MuiSkeleton-pulse css-3sr0vz-MuiSkeleton-root"
                    style="width: 100%; height: 70px;"
                  />
                </td>
              </tr>
              <tr
                class="MuiTableRow-root sc-jZCRgm eekLry css-1o8lslm-MuiTableRow-root"
                data-cy="table-row"
              >
                <td
                  class="MuiTableCell-root MuiTableCell-body MuiTableCell-sizeMedium sc-cZztgT kkzxcC css-1dc80h3-MuiTableCell-root"
                  colspan="5"
                >
                  <span
                    class="MuiSkeleton-root MuiSkeleton-rectangular MuiSkeleton-pulse css-3sr0vz-MuiSkeleton-root"
                    style="width: 100%; height: 70px;"
                  />
                </td>
              </tr>
              <tr
                class="MuiTableRow-root sc-jZCRgm eekLry css-1o8lslm-MuiTableRow-root"
                data-cy="table-row"
              >
                <td
                  class="MuiTableCell-root MuiTableCell-body MuiTableCell-sizeMedium sc-cZztgT kkzxcC css-1dc80h3-MuiTableCell-root"
                  colspan="5"
                >
                  <span
                    class="MuiSkeleton-root MuiSkeleton-rectangular MuiSkeleton-pulse css-3sr0vz-MuiSkeleton-root"
                    style="width: 100%; height: 70px;"
                  />
                </td>
              </tr>
              <tr
                class="MuiTableRow-root sc-jZCRgm eekLry css-1o8lslm-MuiTableRow-root"
                data-cy="table-row"
              >
                <td
                  class="MuiTableCell-root MuiTableCell-body MuiTableCell-sizeMedium sc-cZztgT kkzxcC css-1dc80h3-MuiTableCell-root"
                  colspan="5"
                >
                  <span
                    class="MuiSkeleton-root MuiSkeleton-rectangular MuiSkeleton-pulse css-3sr0vz-MuiSkeleton-root"
                    style="width: 100%; height: 70px;"
                  />
                </td>
              </tr>
              <tr
                class="MuiTableRow-root sc-jZCRgm eekLry css-1o8lslm-MuiTableRow-root"
                data-cy="table-row"
              >
                <td
                  class="MuiTableCell-root MuiTableCell-body MuiTableCell-sizeMedium sc-cZztgT kkzxcC css-1dc80h3-MuiTableCell-root"
                  colspan="5"
                >
                  <span
                    class="MuiSkeleton-root MuiSkeleton-rectangular MuiSkeleton-pulse css-3sr0vz-MuiSkeleton-root"
                    style="width: 100%; height: 70px;"
                  />
                </td>
              </tr>
              <tr
                class="MuiTableRow-root sc-jZCRgm eekLry css-1o8lslm-MuiTableRow-root"
                data-cy="table-row"
              >
                <td
                  class="MuiTableCell-root MuiTableCell-body MuiTableCell-sizeMedium sc-cZztgT kkzxcC css-1dc80h3-MuiTableCell-root"
                  colspan="5"
                >
                  <span
                    class="MuiSkeleton-root MuiSkeleton-rectangular MuiSkeleton-pulse css-3sr0vz-MuiSkeleton-root"
                    style="width: 100%; height: 70px;"
                  />
                </td>
              </tr>
              <tr
                class="MuiTableRow-root sc-jZCRgm eekLry css-1o8lslm-MuiTableRow-root"
                data-cy="table-row"
              >
                <td
                  class="MuiTableCell-root MuiTableCell-body MuiTableCell-sizeMedium sc-cZztgT kkzxcC css-1dc80h3-MuiTableCell-root"
                  colspan="5"
                >
                  <span
                    class="MuiSkeleton-root MuiSkeleton-rectangular MuiSkeleton-pulse css-3sr0vz-MuiSkeleton-root"
                    style="width: 100%; height: 70px;"
                  />
                </td>
              </tr>
              <tr
                class="MuiTableRow-root sc-jZCRgm eekLry css-1o8lslm-MuiTableRow-root"
                data-cy="table-row"
              >
                <td
                  class="MuiTableCell-root MuiTableCell-body MuiTableCell-sizeMedium sc-cZztgT kkzxcC css-1dc80h3-MuiTableCell-root"
                  colspan="5"
                >
                  <span
                    class="MuiSkeleton-root MuiSkeleton-rectangular MuiSkeleton-pulse css-3sr0vz-MuiSkeleton-root"
                    style="width: 100%; height: 70px;"
                  />
                </td>
              </tr>
              <tr
                class="MuiTableRow-root sc-jZCRgm eekLry css-1o8lslm-MuiTableRow-root"
                data-cy="table-row"
              >
                <td
                  class="MuiTableCell-root MuiTableCell-body MuiTableCell-sizeMedium sc-cZztgT kkzxcC css-1dc80h3-MuiTableCell-root"
                  colspan="5"
                >
                  <span
                    class="MuiSkeleton-root MuiSkeleton-rectangular MuiSkeleton-pulse css-3sr0vz-MuiSkeleton-root"
                    style="width: 100%; height: 70px;"
                  />
                </td>
              </tr>
            </tbody>
          </table>
        </div>
        <div
          class="MuiTablePagination-root css-7mt0f-MuiTablePagination-root"
          data-cy="table-pagination"
        >
          <div
            class="MuiToolbar-root MuiToolbar-gutters MuiToolbar-regular MuiTablePagination-toolbar css-nphfye-MuiToolbar-root-MuiTablePagination-toolbar"
          >
            <div
              class="MuiTablePagination-spacer css-1wtxofq-MuiTablePagination-spacer"
            />
            <p
              class="MuiTablePagination-selectLabel css-s09cke-MuiTablePagination-selectLabel"
              id=":r6:"
            >
              Rows per page:
            </p>
            <div
              class="MuiInputBase-root MuiInputBase-colorPrimary MuiTablePagination-select MuiSelect-root MuiTablePagination-input css-oegngy-MuiInputBase-root-MuiTablePagination-select"
            >
              <div
                aria-expanded="false"
                aria-haspopup="listbox"
                aria-labelledby=":r6: :r5:"
                class="MuiSelect-select MuiTablePagination-select MuiSelect-standard MuiInputBase-input css-mmygx2-MuiSelect-select-MuiInputBase-input"
                id=":r5:"
                role="combobox"
                tabindex="0"
              >
                10
              </div>
              <input
                aria-hidden="true"
                aria-invalid="false"
                class="MuiSelect-nativeInput css-j0riat-MuiSelect-nativeInput"
                tabindex="-1"
                value="10"
              />
              <svg
                aria-hidden="true"
                class="MuiSvgIcon-root MuiSvgIcon-fontSizeMedium MuiSelect-icon MuiTablePagination-selectIcon MuiSelect-iconStandard css-1gpuzre-MuiSvgIcon-root-MuiSelect-icon"
                data-testid="ArrowDropDownIcon"
                focusable="false"
                viewBox="0 0 24 24"
              >
                <path
                  d="M7 10l5 5 5-5z"
                />
              </svg>
            </div>
            <p
              class="MuiTablePagination-displayedRows css-11cfq65-MuiTablePagination-displayedRows"
            >
              0–0 of 0
            </p>
            <div
              class="MuiBox-root css-nkn1dz"
            >
              <button
                aria-label="previous page"
                class="MuiButtonBase-root Mui-disabled MuiIconButton-root Mui-disabled MuiIconButton-sizeMedium css-53g0n7-MuiButtonBase-root-MuiIconButton-root"
                disabled=""
                id=":r8:"
                tabindex="-1"
                type="button"
              >
                <svg
                  aria-hidden="true"
                  class="MuiSvgIcon-root MuiSvgIcon-fontSizeMedium css-1umw9bq-MuiSvgIcon-root"
                  data-testid="KeyboardArrowLeftIcon"
                  focusable="false"
                  viewBox="0 0 24 24"
                >
                  <path
                    d="M15.41 16.59 10.83 12l4.58-4.59L14 6l-6 6 6 6z"
                  />
                </svg>
              </button>
              <button
                aria-label="next page"
                class="MuiButtonBase-root Mui-disabled MuiIconButton-root Mui-disabled MuiIconButton-sizeMedium css-53g0n7-MuiButtonBase-root-MuiIconButton-root"
                disabled=""
                id=":r9:"
                tabindex="-1"
                type="button"
              >
                <svg
                  aria-hidden="true"
                  class="MuiSvgIcon-root MuiSvgIcon-fontSizeMedium css-1umw9bq-MuiSvgIcon-root"
                  data-testid="KeyboardArrowRightIcon"
                  focusable="false"
                  viewBox="0 0 24 24"
                >
                  <path
                    d="M8.59 16.59 13.17 12 8.59 7.41 10 6l6 6-6 6z"
                  />
                </svg>
              </button>
            </div>
          </div>
        </div>
      </div>
    </div>
  </div>
</div>
`;

exports[`containers/tables//Communication/CommunicationTable should render with data 1`] = `
<div>
  <div
    class="sc-KXCwU edfDZM"
  >
    <div>
      Unexpected error
    </div>
  </div>
</div>
`;
