// Jest Snapshot v1, https://goo.gl/fbAQLP

exports[`components/rdi/details/households/HouseholdDetails should render 1`] = `
<div>
  <div
    class="MuiPaper-root MuiPaper-elevation MuiPaper-rounded MuiPaper-elevation1 sc-beySPh fvkwGO css-1ps6pg7-MuiPaper-root"
  >
    <div
      class="sc-eDLKkx bKQhaX"
    >
      <h6
        class="MuiTypography-root MuiTypography-h6 css-1j53xw6-MuiTypography-root"
      >
        Details
      </h6>
    </div>
    <div
      class="sc-jTQCzO iuuSmf"
    >
      <div
        class="MuiGrid-root MuiGrid-container MuiGrid-spacing-xs-6 css-zow5z4-MuiGrid-root"
      >
        <div
          class="MuiGrid-root MuiGrid-item MuiGrid-grid-xs-3 css-1equabv-MuiGrid-root"
        >
          <div>
            <span
              class="sc-dmyCSP edirvw"
              color="textSecondary"
            >
              Household Size
            </span>
            <div
              data-cy="label-Household Size"
            >
              <span
                class="sc-hLQSwg hXyiIZ"
                color="textSecondary"
              >
                4
              </span>
            </div>
          </div>
        </div>
        <div
          class="MuiGrid-root MuiGrid-item MuiGrid-grid-xs-3 css-1equabv-MuiGrid-root"
        >
          <div>
            <span
              class="sc-dmyCSP edirvw"
              color="textSecondary"
            >
              Country
            </span>
            <div
              data-cy="label-Country"
            >
              <span
                class="sc-hLQSwg hXyiIZ"
                color="textSecondary"
              >
                Isle of Man
              </span>
            </div>
          </div>
        </div>
        <div
          class="MuiGrid-root MuiGrid-item MuiGrid-grid-xs-3 css-1equabv-MuiGrid-root"
        >
          <div>
            <span
              class="sc-dmyCSP edirvw"
              color="textSecondary"
            >
              Residence Status
            </span>
            <div
              data-cy="label-Residence Status"
            >
              <span
                class="sc-hLQSwg hXyiIZ"
                color="textSecondary"
              >
                Displaced  |  Refugee / Asylum Seeker
              </span>
            </div>
          </div>
        </div>
        <div
          class="MuiGrid-root MuiGrid-item MuiGrid-grid-xs-3 css-1equabv-MuiGrid-root"
        >
          <div>
            <span
              class="sc-dmyCSP edirvw"
              color="textSecondary"
            >
              Country of Origin
            </span>
            <div
              data-cy="label-Country of Origin"
            >
              <span
                class="sc-hLQSwg hXyiIZ"
                color="textSecondary"
              >
                San Marino
              </span>
            </div>
          </div>
        </div>
        <div
          class="MuiGrid-root MuiGrid-item MuiGrid-grid-xs-3 css-1equabv-MuiGrid-root"
        >
          <div>
            <span
              class="sc-dmyCSP edirvw"
              color="textSecondary"
            >
              Head of Household
            </span>
            <div
              data-cy="label-Head of Household"
            >
              <span
                class="sc-hLQSwg hXyiIZ"
                color="textSecondary"
              >
                <a
                  class="sc-guDLey ibjlhn"
                  href="/afghanistan/programs/UHJvZ3JhbU5vZGU6YzRkNTY1N2QtMWEyOS00NmUxLTgxOTAtZGY3Zjg1YTBkMmVm/registration-data-import/individual/SW1wb3J0ZWRJbmRpdmlkdWFsTm9kZTpmM2U0ODBiZC05MDYyLTRkMjktODljYy1kMWM3MGRhZDRmMjk="
                >
                  Agata Kowalska
                </a>
              </span>
            </div>
          </div>
        </div>
        <div
          class="MuiGrid-root MuiGrid-item MuiGrid-grid-xs-3 css-1equabv-MuiGrid-root"
        >
          <div>
            <span
              class="sc-dmyCSP edirvw"
              color="textSecondary"
            >
              FEMALE CHILD HEADED HOUSEHOLD
            </span>
            <div
              data-cy="label-FEMALE CHILD HEADED HOUSEHOLD"
            >
              <span
                class="sc-hLQSwg hXyiIZ"
                color="textSecondary"
              >
                No
              </span>
            </div>
          </div>
        </div>
        <div
          class="MuiGrid-root MuiGrid-item MuiGrid-grid-xs-3 css-1equabv-MuiGrid-root"
        >
          <div>
            <span
              class="sc-dmyCSP edirvw"
              color="textSecondary"
            >
              CHILD HEADED HOUSEHOLD
            </span>
            <div
              data-cy="label-CHILD HEADED HOUSEHOLD"
            >
              <span
                class="sc-hLQSwg hXyiIZ"
                color="textSecondary"
              >
                No
              </span>
            </div>
          </div>
        </div>
        <div
          class="MuiGrid-root MuiGrid-item MuiGrid-grid-xs-3 css-1equabv-MuiGrid-root"
        >
          <div>
            <span
              class="sc-dmyCSP edirvw"
              color="textSecondary"
            >
              ADMINISTRATIVE LEVEL 1
            </span>
            <div
              data-cy="label-ADMINISTRATIVE LEVEL 1"
            >
              <span
                class="sc-hLQSwg hXyiIZ"
                color="textSecondary"
              >
                Nangarhar
              </span>
            </div>
          </div>
        </div>
        <div
          class="MuiGrid-root MuiGrid-item MuiGrid-grid-xs-3 css-1equabv-MuiGrid-root"
        >
          <div>
            <span
              class="sc-dmyCSP edirvw"
              color="textSecondary"
            >
              ADMINISTRATIVE LEVEL 2
            </span>
            <div
              data-cy="label-ADMINISTRATIVE LEVEL 2"
            >
              <span
                class="sc-hLQSwg hXyiIZ"
                color="textSecondary"
              >
                Achin
              </span>
            </div>
          </div>
        </div>
        <div
          class="MuiGrid-root MuiGrid-item MuiGrid-grid-xs-3 css-1equabv-MuiGrid-root"
        >
          <div>
            <span
              class="sc-dmyCSP edirvw"
              color="textSecondary"
            >
              Data Collecting Type
            </span>
            <div
              data-cy="label-Data Collecting Type"
            >
              <span
                class="sc-hLQSwg hXyiIZ"
                color="textSecondary"
              >
                data collecting type
              </span>
            </div>
          </div>
        </div>
      </div>
    </div>
  </div>
</div>
`;
