// Jest Snapshot v1, https://goo.gl/fbAQLP

exports[`components/paymentmodule/WarningMissingAmount should render 1`] = `
<div>
  <div
    class="MuiBox-root css-70qvj9"
  >
    <svg
      aria-hidden="true"
      class="MuiSvgIcon-root MuiSvgIcon-fontSizeMedium sc-beySPh bKDFpR css-i4bv87-MuiSvgIcon-root"
      data-testid="WarningIcon"
      focusable="false"
      viewBox="0 0 24 24"
    >
      <path
        d="M1 21h22L12 2zm12-3h-2v-2h2zm0-4h-2v-4h2z"
      />
    </svg>
    Missing
     
    100000
     
    USD
  </div>
</div>
`;
