// Jest Snapshot v1, https://goo.gl/fbAQLP

exports[`components/paymentmodule/EditFspHeader should render 1`] = `
<div>
  <div
    class="css-14yyz2y"
    data-cy="page-header-container"
  >
    <div
      class="css-1dm7nei"
    >
      <div
        class="css-4g6ai3"
        data-cy="arrow_back"
      >
        <svg
          aria-hidden="true"
          class="MuiSvgIcon-root MuiSvgIcon-fontSizeLarge css-tzssek-MuiSvgIcon-root"
          data-testid="ArrowBackRoundedIcon"
          focusable="false"
          viewBox="0 0 24 24"
        >
          <path
            d="M19 11H7.83l4.88-4.88c.39-.39.39-1.03 0-1.42a.9959.9959 0 0 0-1.41 0l-6.59 6.59c-.39.39-.39 1.02 0 1.41l6.59 6.59c.39.39 1.02.39 1.41 0 .39-.39.39-1.02 0-1.41L7.83 13H19c.55 0 1-.45 1-1s-.45-1-1-1"
          />
        </svg>
      </div>
      <div
        class="css-175cn9v"
      >
        <div>
          <div
            class="sc-fAUdSK ctcpKb"
            data-cy="breadcrumbs-container"
          >
            <span
              class="sc-egkSDF gCtgrB"
              data-cy="breadcrumbs-element-container"
            >
              <a
                class="sc-blHHSb ixwyqw"
                data-cy="breadcrumbs-link"
                href="/afghanistan/programs/UHJvZ3JhbU5vZGU6NmI1OTE1OTktYmNhNy00NDVhLWJmZjItYWU5MTUyMjMxZGFm/payment-module/payment-plans"
              >
                Payment Module
              </a>
            </span>
          </div>
          <div
            class="MuiBox-root css-70qvj9"
          >
            <div
              class="css-1ukvkn"
            >
              <h5
                class="MuiTypography-root MuiTypography-h5 css-ag7rrr-MuiTypography-root"
                data-cy="page-header-title"
              >
                Edit FSP
              </h5>
            </div>
            <div
              class="MuiBox-root css-15aqakd"
              data-cy="button-admin"
            />
          </div>
        </div>
        <div
          class="css-70qvj9"
        >
          <div
            class="MuiBox-root css-1jzjbfr"
          >
            <div
              class="MuiBox-root css-5hicrt"
            >
              <a
                class="MuiButtonBase-root MuiButton-root MuiButton-text MuiButton-textPrimary MuiButton-sizeMedium MuiButton-textSizeMedium MuiButton-colorPrimary MuiButton-root MuiButton-text MuiButton-textPrimary MuiButton-sizeMedium MuiButton-textSizeMedium MuiButton-colorPrimary css-11ph28e-MuiButtonBase-root-MuiButton-root"
                href="/afghanistan/programs/UHJvZ3JhbU5vZGU6NmI1OTE1OTktYmNhNy00NDVhLWJmZjItYWU5MTUyMjMxZGFm/payment-module/payment-plans"
                tabindex="0"
              >
                Cancel
                <span
                  class="MuiTouchRipple-root css-8je8zh-MuiTouchRipple-root"
                />
              </a>
            </div>
            <button
              class="MuiButtonBase-root MuiButton-root MuiButton-contained MuiButton-containedPrimary MuiButton-sizeMedium MuiButton-containedSizeMedium MuiButton-colorPrimary MuiButton-root MuiButton-contained MuiButton-containedPrimary MuiButton-sizeMedium MuiButton-containedSizeMedium MuiButton-colorPrimary css-dl1jos-MuiButtonBase-root-MuiButton-root"
              tabindex="0"
              type="button"
            >
              Save
              <span
                class="MuiTouchRipple-root css-8je8zh-MuiTouchRipple-root"
              />
            </button>
          </div>
        </div>
      </div>
    </div>
    <div
      class="css-l30346"
    />
  </div>
</div>
`;
