// Jest Snapshot v1, https://goo.gl/fbAQLP

exports[`containers/tables/payments/PeoplePaymentPlansTable should render loading 1`] = `
<div>
  <div>
    Unexpected error
  </div>
</div>
`;

exports[`containers/tables/payments/PeoplePaymentPlansTable should render with data 1`] = `
<div>
  <div>
    Unexpected error
  </div>
</div>
`;
