// Jest Snapshot v1, https://goo.gl/fbAQLP

exports[`containers/tables/ProgrammesTable should render loading 1`] = `
<div>
  <div
    class="sc-beySPh jDojEa"
  >
    <div
      class="sc-fsYfdN iJWUfq"
    >
      <div
        class="MuiPaper-root MuiPaper-elevation MuiPaper-rounded MuiPaper-elevation1 sc-qZrbh jpxerT css-1ps6pg7-MuiPaper-root"
      >
        <div
          class="MuiTableContainer-root sc-csKJxZ css-rorn0c-MuiTableContainer-root"
        >
          <div
            class="sc-eTNRI gzFCin MuiBox-root css-0"
          >
            <div
              class="MuiToolbar-root MuiToolbar-gutters MuiToolbar-regular css-1w02pvu-MuiToolbar-root"
            >
              <h6
                class="MuiTypography-root MuiTypography-h6 css-cdr39q-MuiTypography-root"
                data-cy="table-title"
              >
                Programmes
              </h6>
            </div>
            <div
              class="sc-eTNRI gzFCin MuiBox-root css-1ruxp1v"
            />
          </div>
          <table
            class="MuiTable-root sc-jsEeTM sc-brSamD euROHP ejYVTE css-b1kpk9-MuiTable-root"
          >
            <thead
              class="MuiTableHead-root css-15wwp11-MuiTableHead-root"
            >
              <tr
                class="MuiTableRow-root MuiTableRow-head css-n2dwpd-MuiTableRow-root"
              >
                <th
                  class="MuiTableCell-root MuiTableCell-head MuiTableCell-alignLeft MuiTableCell-sizeMedium css-1ygcj2i-MuiTableCell-root"
                  scope="col"
                >
                  <span
                    class="MuiButtonBase-root MuiTableSortLabel-root sc-gLLuof gqVCCD css-1qgma8u-MuiButtonBase-root-MuiTableSortLabel-root"
                    data-cy="table-label"
                    role="button"
                    tabindex="0"
                  >
                    Name
                    <svg
                      aria-hidden="true"
                      class="MuiSvgIcon-root MuiSvgIcon-fontSizeMedium MuiTableSortLabel-icon MuiTableSortLabel-iconDirectionAsc css-1vweko9-MuiSvgIcon-root-MuiTableSortLabel-icon"
                      data-testid="ArrowDownwardIcon"
                      focusable="false"
                      viewBox="0 0 24 24"
                    >
                      <path
                        d="M20 12l-1.41-1.41L13 16.17V4h-2v12.17l-5.58-5.59L4 12l8 8 8-8z"
                      />
                    </svg>
                  </span>
                </th>
                <th
                  class="MuiTableCell-root MuiTableCell-head MuiTableCell-alignLeft MuiTableCell-sizeMedium css-1ygcj2i-MuiTableCell-root"
                  scope="col"
                >
                  <span
                    class="MuiButtonBase-root MuiTableSortLabel-root sc-gLLuof gqVCCD css-1qgma8u-MuiButtonBase-root-MuiTableSortLabel-root"
                    data-cy="table-label"
                    role="button"
                    tabindex="0"
                  >
                    Status
                    <svg
                      aria-hidden="true"
                      class="MuiSvgIcon-root MuiSvgIcon-fontSizeMedium MuiTableSortLabel-icon MuiTableSortLabel-iconDirectionAsc css-1vweko9-MuiSvgIcon-root-MuiTableSortLabel-icon"
                      data-testid="ArrowDownwardIcon"
                      focusable="false"
                      viewBox="0 0 24 24"
                    >
                      <path
                        d="M20 12l-1.41-1.41L13 16.17V4h-2v12.17l-5.58-5.59L4 12l8 8 8-8z"
                      />
                    </svg>
                  </span>
                </th>
                <th
                  class="MuiTableCell-root MuiTableCell-head MuiTableCell-alignLeft MuiTableCell-sizeMedium css-1ygcj2i-MuiTableCell-root"
                  scope="col"
                >
                  <span
                    class="MuiButtonBase-root MuiTableSortLabel-root sc-gLLuof gqVCCD css-1qgma8u-MuiButtonBase-root-MuiTableSortLabel-root"
                    data-cy="table-label"
                    role="button"
                    tabindex="0"
                  >
                    Timeframe
                    <svg
                      aria-hidden="true"
                      class="MuiSvgIcon-root MuiSvgIcon-fontSizeMedium MuiTableSortLabel-icon MuiTableSortLabel-iconDirectionAsc css-1vweko9-MuiSvgIcon-root-MuiTableSortLabel-icon"
                      data-testid="ArrowDownwardIcon"
                      focusable="false"
                      viewBox="0 0 24 24"
                    >
                      <path
                        d="M20 12l-1.41-1.41L13 16.17V4h-2v12.17l-5.58-5.59L4 12l8 8 8-8z"
                      />
                    </svg>
                  </span>
                </th>
                <th
                  class="MuiTableCell-root MuiTableCell-head MuiTableCell-alignLeft MuiTableCell-sizeMedium css-1ygcj2i-MuiTableCell-root"
                  scope="col"
                >
                  <span
                    class="MuiButtonBase-root MuiTableSortLabel-root sc-gLLuof gqVCCD css-1qgma8u-MuiButtonBase-root-MuiTableSortLabel-root"
                    data-cy="table-label"
                    role="button"
                    tabindex="0"
                  >
                    Sector
                    <svg
                      aria-hidden="true"
                      class="MuiSvgIcon-root MuiSvgIcon-fontSizeMedium MuiTableSortLabel-icon MuiTableSortLabel-iconDirectionAsc css-1vweko9-MuiSvgIcon-root-MuiTableSortLabel-icon"
                      data-testid="ArrowDownwardIcon"
                      focusable="false"
                      viewBox="0 0 24 24"
                    >
                      <path
                        d="M20 12l-1.41-1.41L13 16.17V4h-2v12.17l-5.58-5.59L4 12l8 8 8-8z"
                      />
                    </svg>
                  </span>
                </th>
                <th
                  class="MuiTableCell-root MuiTableCell-head MuiTableCell-alignRight MuiTableCell-sizeMedium css-1azl6jz-MuiTableCell-root"
                  scope="col"
                >
                  <span
                    class="sc-iBdnpw jMIPuq"
                    data-cy="table-label"
                  >
                    Programme Size
                  </span>
                </th>
                <th
                  class="MuiTableCell-root MuiTableCell-head MuiTableCell-alignRight MuiTableCell-sizeMedium css-1azl6jz-MuiTableCell-root"
                  scope="col"
                >
                  <span
                    class="MuiButtonBase-root MuiTableSortLabel-root sc-gLLuof gqVCCD css-1qgma8u-MuiButtonBase-root-MuiTableSortLabel-root"
                    data-cy="table-label"
                    role="button"
                    tabindex="0"
                  >
                    Budget (USD)
                    <svg
                      aria-hidden="true"
                      class="MuiSvgIcon-root MuiSvgIcon-fontSizeMedium MuiTableSortLabel-icon MuiTableSortLabel-iconDirectionAsc css-1vweko9-MuiSvgIcon-root-MuiTableSortLabel-icon"
                      data-testid="ArrowDownwardIcon"
                      focusable="false"
                      viewBox="0 0 24 24"
                    >
                      <path
                        d="M20 12l-1.41-1.41L13 16.17V4h-2v12.17l-5.58-5.59L4 12l8 8 8-8z"
                      />
                    </svg>
                  </span>
                </th>
              </tr>
            </thead>
            <tbody
              class="MuiTableBody-root css-apqrd9-MuiTableBody-root"
            >
              <tr
                class="MuiTableRow-root sc-kFCroH eTsYhL css-n2dwpd-MuiTableRow-root"
                data-cy="table-row"
              >
                <td
                  class="MuiTableCell-root MuiTableCell-body MuiTableCell-sizeMedium sc-irLvIq hRblyh css-1ex1afd-MuiTableCell-root"
                  colspan="6"
                >
                  <span
                    class="MuiSkeleton-root MuiSkeleton-rectangular MuiSkeleton-pulse css-153n0d3-MuiSkeleton-root"
                    style="width: 100%; height: 70px;"
                  />
                </td>
              </tr>
              <tr
                class="MuiTableRow-root sc-kFCroH eTsYhL css-n2dwpd-MuiTableRow-root"
                data-cy="table-row"
              >
                <td
                  class="MuiTableCell-root MuiTableCell-body MuiTableCell-sizeMedium sc-irLvIq hRblyh css-1ex1afd-MuiTableCell-root"
                  colspan="6"
                >
                  <span
                    class="MuiSkeleton-root MuiSkeleton-rectangular MuiSkeleton-pulse css-153n0d3-MuiSkeleton-root"
                    style="width: 100%; height: 70px;"
                  />
                </td>
              </tr>
              <tr
                class="MuiTableRow-root sc-kFCroH eTsYhL css-n2dwpd-MuiTableRow-root"
                data-cy="table-row"
              >
                <td
                  class="MuiTableCell-root MuiTableCell-body MuiTableCell-sizeMedium sc-irLvIq hRblyh css-1ex1afd-MuiTableCell-root"
                  colspan="6"
                >
                  <span
                    class="MuiSkeleton-root MuiSkeleton-rectangular MuiSkeleton-pulse css-153n0d3-MuiSkeleton-root"
                    style="width: 100%; height: 70px;"
                  />
                </td>
              </tr>
              <tr
                class="MuiTableRow-root sc-kFCroH eTsYhL css-n2dwpd-MuiTableRow-root"
                data-cy="table-row"
              >
                <td
                  class="MuiTableCell-root MuiTableCell-body MuiTableCell-sizeMedium sc-irLvIq hRblyh css-1ex1afd-MuiTableCell-root"
                  colspan="6"
                >
                  <span
                    class="MuiSkeleton-root MuiSkeleton-rectangular MuiSkeleton-pulse css-153n0d3-MuiSkeleton-root"
                    style="width: 100%; height: 70px;"
                  />
                </td>
              </tr>
              <tr
                class="MuiTableRow-root sc-kFCroH eTsYhL css-n2dwpd-MuiTableRow-root"
                data-cy="table-row"
              >
                <td
                  class="MuiTableCell-root MuiTableCell-body MuiTableCell-sizeMedium sc-irLvIq hRblyh css-1ex1afd-MuiTableCell-root"
                  colspan="6"
                >
                  <span
                    class="MuiSkeleton-root MuiSkeleton-rectangular MuiSkeleton-pulse css-153n0d3-MuiSkeleton-root"
                    style="width: 100%; height: 70px;"
                  />
                </td>
              </tr>
            </tbody>
          </table>
        </div>
        <div
          class="MuiTablePagination-root css-jtlhu6-MuiTablePagination-root"
          data-cy="table-pagination"
        >
          <div
            class="MuiToolbar-root MuiToolbar-gutters MuiToolbar-regular MuiTablePagination-toolbar css-wogcmv-MuiToolbar-root-MuiTablePagination-toolbar"
          >
            <div
              class="MuiTablePagination-spacer css-1psng7p-MuiTablePagination-spacer"
            />
            <p
              class="MuiTablePagination-selectLabel css-pdct74-MuiTablePagination-selectLabel"
              id=":r4:"
            >
              Rows per page:
            </p>
            <div
              class="MuiInputBase-root MuiInputBase-colorPrimary MuiTablePagination-input css-16c50h-MuiInputBase-root-MuiTablePagination-select"
            >
              <div
                aria-controls=":r5:"
                aria-expanded="false"
                aria-haspopup="listbox"
                aria-labelledby=":r4: :r3:"
                class="MuiSelect-select MuiTablePagination-select MuiSelect-standard MuiInputBase-input css-194a1fa-MuiSelect-select-MuiInputBase-input"
                id=":r3:"
                role="combobox"
                tabindex="0"
              >
                5
              </div>
              <input
                aria-hidden="true"
                aria-invalid="false"
                class="MuiSelect-nativeInput css-yf8vq0-MuiSelect-nativeInput"
                tabindex="-1"
                value="5"
              />
              <svg
                aria-hidden="true"
                class="MuiSvgIcon-root MuiSvgIcon-fontSizeMedium MuiSelect-icon MuiTablePagination-selectIcon MuiSelect-iconStandard css-pqjvzy-MuiSvgIcon-root-MuiSelect-icon"
                data-testid="ArrowDropDownIcon"
                focusable="false"
                viewBox="0 0 24 24"
              >
                <path
                  d="M7 10l5 5 5-5z"
                />
              </svg>
            </div>
            <p
              class="MuiTablePagination-displayedRows css-levciy-MuiTablePagination-displayedRows"
            >
              0–0 of 0
            </p>
            <div
              class="MuiBox-root css-nkn1dz"
            >
              <button
                aria-label="previous page"
                class="MuiButtonBase-root Mui-disabled MuiIconButton-root Mui-disabled MuiIconButton-sizeMedium css-78trlr-MuiButtonBase-root-MuiIconButton-root"
                disabled=""
                tabindex="-1"
                type="button"
              >
                <svg
                  aria-hidden="true"
                  class="MuiSvgIcon-root MuiSvgIcon-fontSizeMedium css-i4bv87-MuiSvgIcon-root"
                  data-testid="KeyboardArrowLeftIcon"
                  focusable="false"
                  viewBox="0 0 24 24"
                >
                  <path
                    d="M15.41 16.59 10.83 12l4.58-4.59L14 6l-6 6 6 6z"
                  />
                </svg>
              </button>
              <button
                aria-label="next page"
                class="MuiButtonBase-root Mui-disabled MuiIconButton-root Mui-disabled MuiIconButton-sizeMedium css-78trlr-MuiButtonBase-root-MuiIconButton-root"
                disabled=""
                tabindex="-1"
                type="button"
              >
                <svg
                  aria-hidden="true"
                  class="MuiSvgIcon-root MuiSvgIcon-fontSizeMedium css-i4bv87-MuiSvgIcon-root"
                  data-testid="KeyboardArrowRightIcon"
                  focusable="false"
                  viewBox="0 0 24 24"
                >
                  <path
                    d="M8.59 16.59 13.17 12 8.59 7.41 10 6l6 6-6 6z"
                  />
                </svg>
              </button>
            </div>
          </div>
        </div>
      </div>
    </div>
  </div>
</div>
`;

exports[`containers/tables/ProgrammesTable should render with data 1`] = `
<div>
  <div
    class="sc-beySPh jDojEa"
  >
    <div
      class="sc-fsYfdN iJWUfq"
    >
      <div
        class="MuiPaper-root MuiPaper-elevation MuiPaper-rounded MuiPaper-elevation1 sc-qZrbh jpxerT css-1ps6pg7-MuiPaper-root"
      >
        <div
          class="MuiTableContainer-root sc-csKJxZ css-rorn0c-MuiTableContainer-root"
        >
          <div
            class="sc-eTNRI gzFCin MuiBox-root css-0"
          >
            <div
              class="MuiToolbar-root MuiToolbar-gutters MuiToolbar-regular css-1w02pvu-MuiToolbar-root"
            >
              <h6
                class="MuiTypography-root MuiTypography-h6 css-cdr39q-MuiTypography-root"
                data-cy="table-title"
              >
                Programmes
              </h6>
            </div>
            <div
              class="sc-eTNRI gzFCin MuiBox-root css-1ruxp1v"
            />
          </div>
          <table
            class="MuiTable-root sc-jsEeTM sc-brSamD euROHP ejYVTE css-b1kpk9-MuiTable-root"
          >
            <thead
              class="MuiTableHead-root css-15wwp11-MuiTableHead-root"
            >
              <tr
                class="MuiTableRow-root MuiTableRow-head css-n2dwpd-MuiTableRow-root"
              >
                <th
                  class="MuiTableCell-root MuiTableCell-head MuiTableCell-alignLeft MuiTableCell-sizeMedium css-1ygcj2i-MuiTableCell-root"
                  scope="col"
                >
                  <span
                    class="MuiButtonBase-root MuiTableSortLabel-root sc-gLLuof gqVCCD css-1qgma8u-MuiButtonBase-root-MuiTableSortLabel-root"
                    data-cy="table-label"
                    role="button"
                    tabindex="0"
                  >
                    Name
                    <svg
                      aria-hidden="true"
                      class="MuiSvgIcon-root MuiSvgIcon-fontSizeMedium MuiTableSortLabel-icon MuiTableSortLabel-iconDirectionAsc css-1vweko9-MuiSvgIcon-root-MuiTableSortLabel-icon"
                      data-testid="ArrowDownwardIcon"
                      focusable="false"
                      viewBox="0 0 24 24"
                    >
                      <path
                        d="M20 12l-1.41-1.41L13 16.17V4h-2v12.17l-5.58-5.59L4 12l8 8 8-8z"
                      />
                    </svg>
                  </span>
                </th>
                <th
                  class="MuiTableCell-root MuiTableCell-head MuiTableCell-alignLeft MuiTableCell-sizeMedium css-1ygcj2i-MuiTableCell-root"
                  scope="col"
                >
                  <span
                    class="MuiButtonBase-root MuiTableSortLabel-root sc-gLLuof gqVCCD css-1qgma8u-MuiButtonBase-root-MuiTableSortLabel-root"
                    data-cy="table-label"
                    role="button"
                    tabindex="0"
                  >
                    Status
                    <svg
                      aria-hidden="true"
                      class="MuiSvgIcon-root MuiSvgIcon-fontSizeMedium MuiTableSortLabel-icon MuiTableSortLabel-iconDirectionAsc css-1vweko9-MuiSvgIcon-root-MuiTableSortLabel-icon"
                      data-testid="ArrowDownwardIcon"
                      focusable="false"
                      viewBox="0 0 24 24"
                    >
                      <path
                        d="M20 12l-1.41-1.41L13 16.17V4h-2v12.17l-5.58-5.59L4 12l8 8 8-8z"
                      />
                    </svg>
                  </span>
                </th>
                <th
                  class="MuiTableCell-root MuiTableCell-head MuiTableCell-alignLeft MuiTableCell-sizeMedium css-1ygcj2i-MuiTableCell-root"
                  scope="col"
                >
                  <span
                    class="MuiButtonBase-root MuiTableSortLabel-root sc-gLLuof gqVCCD css-1qgma8u-MuiButtonBase-root-MuiTableSortLabel-root"
                    data-cy="table-label"
                    role="button"
                    tabindex="0"
                  >
                    Timeframe
                    <svg
                      aria-hidden="true"
                      class="MuiSvgIcon-root MuiSvgIcon-fontSizeMedium MuiTableSortLabel-icon MuiTableSortLabel-iconDirectionAsc css-1vweko9-MuiSvgIcon-root-MuiTableSortLabel-icon"
                      data-testid="ArrowDownwardIcon"
                      focusable="false"
                      viewBox="0 0 24 24"
                    >
                      <path
                        d="M20 12l-1.41-1.41L13 16.17V4h-2v12.17l-5.58-5.59L4 12l8 8 8-8z"
                      />
                    </svg>
                  </span>
                </th>
                <th
                  class="MuiTableCell-root MuiTableCell-head MuiTableCell-alignLeft MuiTableCell-sizeMedium css-1ygcj2i-MuiTableCell-root"
                  scope="col"
                >
                  <span
                    class="MuiButtonBase-root MuiTableSortLabel-root sc-gLLuof gqVCCD css-1qgma8u-MuiButtonBase-root-MuiTableSortLabel-root"
                    data-cy="table-label"
                    role="button"
                    tabindex="0"
                  >
                    Sector
                    <svg
                      aria-hidden="true"
                      class="MuiSvgIcon-root MuiSvgIcon-fontSizeMedium MuiTableSortLabel-icon MuiTableSortLabel-iconDirectionAsc css-1vweko9-MuiSvgIcon-root-MuiTableSortLabel-icon"
                      data-testid="ArrowDownwardIcon"
                      focusable="false"
                      viewBox="0 0 24 24"
                    >
                      <path
                        d="M20 12l-1.41-1.41L13 16.17V4h-2v12.17l-5.58-5.59L4 12l8 8 8-8z"
                      />
                    </svg>
                  </span>
                </th>
                <th
                  class="MuiTableCell-root MuiTableCell-head MuiTableCell-alignRight MuiTableCell-sizeMedium css-1azl6jz-MuiTableCell-root"
                  scope="col"
                >
                  <span
                    class="sc-iBdnpw jMIPuq"
                    data-cy="table-label"
                  >
                    Programme Size
                  </span>
                </th>
                <th
                  class="MuiTableCell-root MuiTableCell-head MuiTableCell-alignRight MuiTableCell-sizeMedium css-1azl6jz-MuiTableCell-root"
                  scope="col"
                >
                  <span
                    class="MuiButtonBase-root MuiTableSortLabel-root sc-gLLuof gqVCCD css-1qgma8u-MuiButtonBase-root-MuiTableSortLabel-root"
                    data-cy="table-label"
                    role="button"
                    tabindex="0"
                  >
                    Budget (USD)
                    <svg
                      aria-hidden="true"
                      class="MuiSvgIcon-root MuiSvgIcon-fontSizeMedium MuiTableSortLabel-icon MuiTableSortLabel-iconDirectionAsc css-1vweko9-MuiSvgIcon-root-MuiTableSortLabel-icon"
                      data-testid="ArrowDownwardIcon"
                      focusable="false"
                      viewBox="0 0 24 24"
                    >
                      <path
                        d="M20 12l-1.41-1.41L13 16.17V4h-2v12.17l-5.58-5.59L4 12l8 8 8-8z"
                      />
                    </svg>
                  </span>
                </th>
              </tr>
            </thead>
            <tbody
              class="MuiTableBody-root css-apqrd9-MuiTableBody-root"
            >
              <tr
                class="MuiTableRow-root sc-kFCroH eTsYhL css-n2dwpd-MuiTableRow-root"
                data-cy="table-row"
              >
                <td
                  class="MuiTableCell-root MuiTableCell-body MuiTableCell-sizeMedium sc-irLvIq hRblyh css-1ex1afd-MuiTableCell-root"
                  colspan="6"
                >
                  <span
                    class="MuiSkeleton-root MuiSkeleton-rectangular MuiSkeleton-pulse css-153n0d3-MuiSkeleton-root"
                    style="width: 100%; height: 70px;"
                  />
                </td>
              </tr>
              <tr
                class="MuiTableRow-root sc-kFCroH eTsYhL css-n2dwpd-MuiTableRow-root"
                data-cy="table-row"
              >
                <td
                  class="MuiTableCell-root MuiTableCell-body MuiTableCell-sizeMedium sc-irLvIq hRblyh css-1ex1afd-MuiTableCell-root"
                  colspan="6"
                >
                  <span
                    class="MuiSkeleton-root MuiSkeleton-rectangular MuiSkeleton-pulse css-153n0d3-MuiSkeleton-root"
                    style="width: 100%; height: 70px;"
                  />
                </td>
              </tr>
              <tr
                class="MuiTableRow-root sc-kFCroH eTsYhL css-n2dwpd-MuiTableRow-root"
                data-cy="table-row"
              >
                <td
                  class="MuiTableCell-root MuiTableCell-body MuiTableCell-sizeMedium sc-irLvIq hRblyh css-1ex1afd-MuiTableCell-root"
                  colspan="6"
                >
                  <span
                    class="MuiSkeleton-root MuiSkeleton-rectangular MuiSkeleton-pulse css-153n0d3-MuiSkeleton-root"
                    style="width: 100%; height: 70px;"
                  />
                </td>
              </tr>
              <tr
                class="MuiTableRow-root sc-kFCroH eTsYhL css-n2dwpd-MuiTableRow-root"
                data-cy="table-row"
              >
                <td
                  class="MuiTableCell-root MuiTableCell-body MuiTableCell-sizeMedium sc-irLvIq hRblyh css-1ex1afd-MuiTableCell-root"
                  colspan="6"
                >
                  <span
                    class="MuiSkeleton-root MuiSkeleton-rectangular MuiSkeleton-pulse css-153n0d3-MuiSkeleton-root"
                    style="width: 100%; height: 70px;"
                  />
                </td>
              </tr>
              <tr
                class="MuiTableRow-root MuiTableRow-hover sc-dmXWDj gOBKoz css-n2dwpd-MuiTableRow-root"
                data-cy="table-row-Notice hair fall college enough perhaps."
                role="checkbox"
              >
                <td
                  class="MuiTableCell-root MuiTableCell-body MuiTableCell-alignLeft MuiTableCell-sizeMedium css-1ex1afd-MuiTableCell-root"
                >
                  <a
                    class="sc-blmEgr cfgefj"
                    href="/afghanistan/programs/UHJvZ3JhbU5vZGU6YzRkNTY1N2QtMWEyOS00NmUxLTgxOTAtZGY3Zjg1YTBkMmVm/details/UHJvZ3JhbU5vZGU6ZDM4YWI4MTQtOTQyNy00ZmJkLTg4ODctOGUyYzlkMzcxYjg2"
                  >
                    Notice hair fall college enough perhaps.
                  </a>
                </td>
                <td
                  class="MuiTableCell-root MuiTableCell-body MuiTableCell-alignLeft MuiTableCell-sizeMedium css-1ex1afd-MuiTableCell-root"
                >
                  <div
                    class="sc-dJGMql eSUODg"
                  >
                    <div
                      class="sc-hIPBNq dKNoXr status-box-container"
                      data-cy="status-container"
                    >
                      ACTIVE
                    </div>
                  </div>
                </td>
                <td
                  class="MuiTableCell-root MuiTableCell-body MuiTableCell-alignLeft MuiTableCell-sizeMedium css-1ex1afd-MuiTableCell-root"
                >
                  <time
                    datetime="1579478400000"
                  >
                    20 Jan 2020
                  </time>
                   -
                   
                  <time
                    datetime="1597795200000"
                  >
                    19 Aug 2020
                  </time>
                </td>
                <td
                  class="MuiTableCell-root MuiTableCell-body MuiTableCell-alignLeft MuiTableCell-sizeMedium css-1ex1afd-MuiTableCell-root"
                >
                  Education
                </td>
                <td
                  class="MuiTableCell-root MuiTableCell-body MuiTableCell-alignRight MuiTableCell-sizeMedium css-177gid-MuiTableCell-root"
                >
                  12
                </td>
                <td
                  class="MuiTableCell-root MuiTableCell-body MuiTableCell-alignRight MuiTableCell-sizeMedium css-177gid-MuiTableCell-root"
                >
                  691946197.49 USD
                </td>
              </tr>
            </tbody>
          </table>
        </div>
        <div
          class="MuiTablePagination-root css-jtlhu6-MuiTablePagination-root"
          data-cy="table-pagination"
        >
          <div
            class="MuiToolbar-root MuiToolbar-gutters MuiToolbar-regular MuiTablePagination-toolbar css-wogcmv-MuiToolbar-root-MuiTablePagination-toolbar"
          >
            <div
              class="MuiTablePagination-spacer css-1psng7p-MuiTablePagination-spacer"
            />
            <p
              class="MuiTablePagination-selectLabel css-pdct74-MuiTablePagination-selectLabel"
              id=":r1:"
            >
              Rows per page:
            </p>
            <div
              class="MuiInputBase-root MuiInputBase-colorPrimary MuiTablePagination-input css-16c50h-MuiInputBase-root-MuiTablePagination-select"
            >
              <div
                aria-controls=":r2:"
                aria-expanded="false"
                aria-haspopup="listbox"
                aria-labelledby=":r1: :r0:"
                class="MuiSelect-select MuiTablePagination-select MuiSelect-standard MuiInputBase-input css-194a1fa-MuiSelect-select-MuiInputBase-input"
                id=":r0:"
                role="combobox"
                tabindex="0"
              >
                5
              </div>
              <input
                aria-hidden="true"
                aria-invalid="false"
                class="MuiSelect-nativeInput css-yf8vq0-MuiSelect-nativeInput"
                tabindex="-1"
                value="5"
              />
              <svg
                aria-hidden="true"
                class="MuiSvgIcon-root MuiSvgIcon-fontSizeMedium MuiSelect-icon MuiTablePagination-selectIcon MuiSelect-iconStandard css-pqjvzy-MuiSvgIcon-root-MuiSelect-icon"
                data-testid="ArrowDropDownIcon"
                focusable="false"
                viewBox="0 0 24 24"
              >
                <path
                  d="M7 10l5 5 5-5z"
                />
              </svg>
            </div>
            <p
              class="MuiTablePagination-displayedRows css-levciy-MuiTablePagination-displayedRows"
            >
              1–5 of 9
            </p>
            <div
              class="MuiBox-root css-nkn1dz"
            >
              <button
                aria-label="previous page"
                class="MuiButtonBase-root Mui-disabled MuiIconButton-root Mui-disabled MuiIconButton-sizeMedium css-78trlr-MuiButtonBase-root-MuiIconButton-root"
                disabled=""
                tabindex="-1"
                type="button"
              >
                <svg
                  aria-hidden="true"
                  class="MuiSvgIcon-root MuiSvgIcon-fontSizeMedium css-i4bv87-MuiSvgIcon-root"
                  data-testid="KeyboardArrowLeftIcon"
                  focusable="false"
                  viewBox="0 0 24 24"
                >
                  <path
                    d="M15.41 16.59 10.83 12l4.58-4.59L14 6l-6 6 6 6z"
                  />
                </svg>
              </button>
              <button
                aria-label="next page"
                class="MuiButtonBase-root MuiIconButton-root MuiIconButton-sizeMedium css-78trlr-MuiButtonBase-root-MuiIconButton-root"
                tabindex="0"
                type="button"
              >
                <svg
                  aria-hidden="true"
                  class="MuiSvgIcon-root MuiSvgIcon-fontSizeMedium css-i4bv87-MuiSvgIcon-root"
                  data-testid="KeyboardArrowRightIcon"
                  focusable="false"
                  viewBox="0 0 24 24"
                >
                  <path
                    d="M8.59 16.59 13.17 12 8.59 7.41 10 6l6 6-6 6z"
                  />
                </svg>
                <span
                  class="MuiTouchRipple-root css-8je8zh-MuiTouchRipple-root"
                />
              </button>
            </div>
          </div>
        </div>
      </div>
    </div>
  </div>
</div>
`;
