// Jest Snapshot v1, https://goo.gl/fbAQLP

exports[`components/paymentmodule/PaymentPlanDetails/AcceptanceProcess/AcceptanceProcessRow should render 1`] = `
<div>
  <div
    class="sc-jUkaYT sUXwi MuiBox-root css-zwiamn"
  >
    <div
      class="MuiStepper-root MuiStepper-horizontal css-ibtndc-MuiStepper-root"
    >
      <div
        class="MuiStep-root MuiStep-horizontal Mui-completed css-mlh15c-MuiStep-root"
      >
        <span
          class="MuiStepLabel-root MuiStepLabel-horizontal css-3yr9gi-MuiStepLabel-root"
        >
          <span
            class="MuiStepLabel-iconContainer Mui-completed css-1b2ju2j-MuiStepLabel-iconContainer"
          >
            <svg
              aria-hidden="true"
              class="MuiSvgIcon-root MuiSvgIcon-fontSizeMedium MuiStepIcon-root Mui-completed css-srhhdk-MuiSvgIcon-root-MuiStepIcon-root"
              data-testid="CheckCircleIcon"
              focusable="false"
              viewBox="0 0 24 24"
            >
              <path
                d="M12 0a12 12 0 1 0 0 24 12 12 0 0 0 0-24zm-2 17l-5-5 1.4-1.4 3.6 3.6 7.6-7.6L19 8l-9 9z"
              />
            </svg>
          </span>
          <span
            class="MuiStepLabel-labelContainer css-p8xe3-MuiStepLabel-labelContainer"
          >
            <span
              class="MuiStepLabel-label Mui-completed css-1o0xnkz-MuiStepLabel-label"
            >
              Approval (1/1)
            </span>
          </span>
        </span>
      </div>
      <div
        class="MuiStepConnector-root MuiStepConnector-horizontal Mui-active css-9ydz1a-MuiStepConnector-root"
      >
        <span
          class="MuiStepConnector-line MuiStepConnector-lineHorizontal css-14ncu80-MuiStepConnector-line"
        />
      </div>
      <div
        class="MuiStep-root MuiStep-horizontal css-mlh15c-MuiStep-root"
      >
        <span
          class="MuiStepLabel-root MuiStepLabel-horizontal css-3yr9gi-MuiStepLabel-root"
        >
          <span
            class="MuiStepLabel-iconContainer Mui-active css-1b2ju2j-MuiStepLabel-iconContainer"
          >
            <svg
              aria-hidden="true"
              class="MuiSvgIcon-root MuiSvgIcon-fontSizeMedium MuiStepIcon-root Mui-active css-srhhdk-MuiSvgIcon-root-MuiStepIcon-root"
              focusable="false"
              viewBox="0 0 24 24"
            >
              <circle
                cx="12"
                cy="12"
                r="12"
              />
              <text
                class="MuiStepIcon-text css-1g86afo-MuiStepIcon-text"
                dominant-baseline="central"
                text-anchor="middle"
                x="12"
                y="12"
              >
                2
              </text>
            </svg>
          </span>
          <span
            class="MuiStepLabel-labelContainer css-p8xe3-MuiStepLabel-labelContainer"
          >
            <span
              class="MuiStepLabel-label Mui-active css-1o0xnkz-MuiStepLabel-label"
            >
              Authorization (0/1)
            </span>
          </span>
        </span>
      </div>
      <div
        class="MuiStepConnector-root MuiStepConnector-horizontal Mui-disabled css-9ydz1a-MuiStepConnector-root"
      >
        <span
          class="MuiStepConnector-line MuiStepConnector-lineHorizontal css-14ncu80-MuiStepConnector-line"
        />
      </div>
      <div
        class="MuiStep-root MuiStep-horizontal css-mlh15c-MuiStep-root"
      >
        <span
          class="MuiStepLabel-root MuiStepLabel-horizontal Mui-disabled css-3yr9gi-MuiStepLabel-root"
        >
          <span
            class="MuiStepLabel-iconContainer Mui-disabled css-1b2ju2j-MuiStepLabel-iconContainer"
          >
            <svg
              aria-hidden="true"
              class="MuiSvgIcon-root MuiSvgIcon-fontSizeMedium MuiStepIcon-root css-srhhdk-MuiSvgIcon-root-MuiStepIcon-root"
              focusable="false"
              viewBox="0 0 24 24"
            >
              <circle
                cx="12"
                cy="12"
                r="12"
              />
              <text
                class="MuiStepIcon-text css-1g86afo-MuiStepIcon-text"
                dominant-baseline="central"
                text-anchor="middle"
                x="12"
                y="12"
              >
                3
              </text>
            </svg>
          </span>
          <span
            class="MuiStepLabel-labelContainer css-p8xe3-MuiStepLabel-labelContainer"
          >
            <span
              class="MuiStepLabel-label Mui-disabled css-1o0xnkz-MuiStepLabel-label"
            >
              Finance Release (0/1)
            </span>
          </span>
        </span>
      </div>
    </div>
    <div
      class="MuiGrid2-root MuiGrid2-container MuiGrid2-direction-xs-row css-1jxwjqx-MuiGrid2-root"
    >
      <div
        class="MuiGrid2-root MuiGrid2-direction-xs-row MuiGrid2-grid-xs-4 css-17yh78r-MuiGrid2-root"
      >
        <div
          class="MuiBox-root css-j7qwjs"
        >
          <div
            class="MuiBox-root css-38zrbw"
          >
            <div
              class="sc-hRDKVd hxueLb"
            >
              Sent for approval by Root Rootkowski
               on
              <time
                datetime="1661843731428"
              >
                30 Aug 2022
              </time>
            </div>
          </div>
          <div
            class="sc-cMqPwU kzIWjN MuiBox-root css-e6xxd1"
          >
            <div
              class="MuiBox-root css-fv3lde"
            >
              Approved by Root Rootkowski
              <div
                class="MuiBox-root css-15fzge"
              >
                <div
                  class="sc-kfeOyU cLxrbp"
                >
                  on 
                  <time
                    datetime="1661843741787"
                  >
                    30 Aug 2022
                  </time>
                </div>
              </div>
              <div
                class="MuiBox-root css-1el3gal"
              >
                <div
                  class="sc-jBIHhB bICrbh"
                />
              </div>
            </div>
          </div>
        </div>
      </div>
      <div
        class="MuiGrid2-root MuiGrid2-direction-xs-row MuiGrid2-grid-xs-4 css-17yh78r-MuiGrid2-root"
      />
      <div
        class="MuiGrid2-root MuiGrid2-direction-xs-row MuiGrid2-grid-xs-4 css-17yh78r-MuiGrid2-root"
      />
    </div>
  </div>
</div>
`;
