// Jest Snapshot v1, https://goo.gl/fbAQLP

exports[`components/paymentmodule/PaymentPlanDetails/PaymentPlanDetailsHeader/ApprovePaymentPlan should render 1`] = `
<div>
  <div
    class="MuiBox-root css-hpgf8j"
  >
    <button
      class="MuiButtonBase-root MuiButton-root MuiButton-contained MuiButton-containedPrimary MuiButton-sizeMedium MuiButton-containedSizeMedium MuiButton-colorPrimary MuiButton-root MuiButton-contained MuiButton-containedPrimary MuiButton-sizeMedium MuiButton-containedSizeMedium MuiButton-colorPrimary css-dl1jos-MuiButtonBase-root-MuiButton-root"
      data-cy="button-approve"
      tabindex="0"
      type="button"
    >
      Approve
      <span
        class="MuiTouchRipple-root css-8je8zh-MuiTouchRipple-root"
      />
    </button>
  </div>
</div>
`;
