// Jest Snapshot v1, https://goo.gl/fbAQLP

exports[`components/population/IndividualAdditionalRegistrationInformation should render 1`] = `
<div>
  <div
    class="MuiPaper-root MuiPaper-elevation MuiPaper-rounded MuiPaper-elevation1 sc-ixGGxD fHLOhc css-1ps6pg7-MuiPaper-root"
  >
    <div
      class="sc-egkSDF flCGEE"
    >
      <h6
        class="MuiTypography-root MuiTypography-h6 css-1j53xw6-MuiTypography-root"
      >
        Additional Registration information
      </h6>
    </div>
    <div
      class="MuiGrid-root MuiGrid-container MuiGrid-spacing-xs-6 css-zow5z4-MuiGrid-root"
    >
      <div
        class="MuiGrid-root MuiGrid-item MuiGrid-grid-xs-4 css-gj1fbr-MuiGrid-root"
      >
        <div>
          <span
            class="sc-blHHSb dUfUKp"
            color="textSecondary"
          >
            muac
          </span>
          <div
            data-cy="label-muac"
          >
            <span
              class="sc-gtLWhw dynQwi"
              color="textSecondary"
            >
              334
            </span>
          </div>
        </div>
      </div>
      <div
        class="MuiGrid-root MuiGrid-item MuiGrid-grid-xs-4 css-gj1fbr-MuiGrid-root"
      >
        <div>
          <span
            class="sc-blHHSb dUfUKp"
            color="textSecondary"
          >
            school enrolled
          </span>
          <div
            data-cy="label-school enrolled"
          >
            <span
              class="sc-gtLWhw dynQwi"
              color="textSecondary"
            >
              Yes
            </span>
          </div>
        </div>
      </div>
      <div
        class="MuiGrid-root MuiGrid-item MuiGrid-grid-xs-4 css-gj1fbr-MuiGrid-root"
      >
        <div>
          <span
            class="sc-blHHSb dUfUKp"
            color="textSecondary"
          >
            school enrolled before
          </span>
          <div
            data-cy="label-school enrolled before"
          >
            <span
              class="sc-gtLWhw dynQwi"
              color="textSecondary"
            >
              No
            </span>
          </div>
        </div>
      </div>
    </div>
  </div>
</div>
`;
