// Jest Snapshot v1, https://goo.gl/fbAQLP

exports[`components/grievances/VerifyPaymentGrievance should render with data 1`] = `
<div>
  <form
    action="#"
  >
    <div
      class="MuiBox-root css-hpgf8j"
    >
      <button
        class="MuiButtonBase-root MuiButton-root MuiButton-contained MuiButton-containedPrimary MuiButton-sizeMedium MuiButton-containedSizeMedium MuiButton-colorPrimary MuiButton-root MuiButton-contained MuiButton-containedPrimary MuiButton-sizeMedium MuiButton-containedSizeMedium MuiButton-colorPrimary css-dl1jos-MuiButtonBase-root-MuiButton-root"
        tabindex="0"
        type="button"
      >
        Verify
        <span
          class="MuiTouchRipple-root css-8je8zh-MuiTouchRipple-root"
        />
      </button>
    </div>
  </form>
</div>
`;
