// Jest Snapshot v1, https://goo.gl/fbAQLP

exports[`components/grievances/GrievancesDashboard/TicketsByLocationAndCategorySection should render 1`] = `
<div>
  <div
    class="MuiPaper-root MuiPaper-elevation MuiPaper-rounded MuiPaper-elevation1 sc-beySPh iMtPUV css-1ps6pg7-MuiPaper-root"
  >
    <div
      class="MuiBox-root css-i3pbo"
    >
      Tickets by Category and Location
    </div>
    <div
      class="MuiBox-root css-cgq59l"
    >
      <div
        style="height: 400px;"
      >
        <canvas
          height="0"
          role="img"
          style="display: block; box-sizing: border-box; height: 0px; width: 0px;"
          width="0"
        />
      </div>
    </div>
  </div>
</div>
`;
