// Jest Snapshot v1, https://goo.gl/fbAQLP

exports[`components/paymentmodule/PaymentPlanDetails/PaymentPlanDetailsHeader/PaymentPlanDetailsResults should render 1`] = `
<div>
  <div
    class="MuiPaper-root MuiPaper-elevation MuiPaper-rounded MuiPaper-elevation1 sc-dVBluf iGTkRx css-1gtchvp-MuiPaper-root"
    style="--Paper-shadow: 0px 2px 1px -1px rgba(0,0,0,0.2),0px 1px 1px 0px rgba(0,0,0,0.14),0px 1px 3px 0px rgba(0,0,0,0.12);"
  >
    <div
      class="sc-dycHyt etyvHV"
    >
      <h6
        class="MuiTypography-root MuiTypography-h6 css-66ugg1-MuiTypography-root"
      >
        Results
      </h6>
    </div>
    <div
      class="sc-jbAkgO hmtbDj"
    >
      <div
        class="MuiGrid2-root MuiGrid2-container MuiGrid2-direction-xs-row css-1jxwjqx-MuiGrid2-root"
      >
        <div
          class="MuiGrid2-root MuiGrid2-direction-xs-row MuiGrid2-grid-xs-4 css-17yh78r-MuiGrid2-root"
        >
          <div
            class="MuiGrid2-root MuiGrid2-container MuiGrid2-direction-xs-row MuiGrid2-spacing-xs-3 css-6d7jwz-MuiGrid2-root"
          >
            <div
              class="MuiGrid2-root MuiGrid2-direction-xs-row MuiGrid2-grid-xs-6 css-ticvdu-MuiGrid2-root"
            >
              <div
                class="sc-fLDLck eqCuFP"
                color="#5F02CF"
              >
                <div>
                  <span
                    class="sc-FEMpB ddgbkI"
                    color="textSecondary"
                  >
                    Female Children
                  </span>
                  <div
                    data-cy="label-Female Children"
                  >
                    <span
                      class="sc-gjcoXW fZsJNd"
                      color="textSecondary"
                    >
                      0
                    </span>
                  </div>
                </div>
              </div>
            </div>
            <div
              class="MuiGrid2-root MuiGrid2-direction-xs-row MuiGrid2-grid-xs-6 css-ticvdu-MuiGrid2-root"
            >
              <div
                class="sc-fLDLck dBYgWW"
                color="#DFCCF5"
              >
                <div>
                  <span
                    class="sc-FEMpB ddgbkI"
                    color="textSecondary"
                  >
                    Female Adults
                  </span>
                  <div
                    data-cy="label-Female Adults"
                  >
                    <span
                      class="sc-gjcoXW fZsJNd"
                      color="textSecondary"
                    >
                      1
                    </span>
                  </div>
                </div>
              </div>
            </div>
            <div
              class="MuiGrid2-root MuiGrid2-direction-xs-row MuiGrid2-grid-xs-6 css-ticvdu-MuiGrid2-root"
            >
              <div
                class="sc-fLDLck jWyxsj"
                color="#1D6A64"
              >
                <div>
                  <span
                    class="sc-FEMpB ddgbkI"
                    color="textSecondary"
                  >
                    Male Children
                  </span>
                  <div
                    data-cy="label-Male Children"
                  >
                    <span
                      class="sc-gjcoXW fZsJNd"
                      color="textSecondary"
                    >
                      0
                    </span>
                  </div>
                </div>
              </div>
            </div>
            <div
              class="MuiGrid2-root MuiGrid2-direction-xs-row MuiGrid2-grid-xs-6 css-ticvdu-MuiGrid2-root"
            >
              <div
                class="sc-fLDLck qEmJv"
                color="#B1E3E0"
              >
                <div>
                  <span
                    class="sc-FEMpB ddgbkI"
                    color="textSecondary"
                  >
                    Male Adults
                  </span>
                  <div
                    data-cy="label-Male Adults"
                  >
                    <span
                      class="sc-gjcoXW fZsJNd"
                      color="textSecondary"
                    >
                      2
                    </span>
                  </div>
                </div>
              </div>
            </div>
          </div>
        </div>
        <div
          class="MuiGrid2-root MuiGrid2-direction-xs-row MuiGrid2-grid-xs-4 css-17yh78r-MuiGrid2-root"
        >
          <div
            class="MuiGrid2-root MuiGrid2-container MuiGrid2-direction-xs-row css-xg0rmm-MuiGrid2-root"
          >
            <div
              class="MuiGrid2-root MuiGrid2-direction-xs-row MuiGrid2-grid-xs-4 css-17yh78r-MuiGrid2-root"
            >
              <div
                class="sc-hRDKVd bCxRDr"
                data-cy="chart-container"
              >
                <canvas
                  height="0"
                  role="img"
                  style="display: block; box-sizing: border-box; height: 0px; width: 0px;"
                  width="0"
                />
              </div>
            </div>
          </div>
        </div>
        <div
          class="MuiGrid2-root MuiGrid2-direction-xs-row MuiGrid2-grid-xs-4 css-17yh78r-MuiGrid2-root"
        >
          <div
            class="MuiGrid2-root MuiGrid2-container MuiGrid2-direction-xs-row css-fa87wz-MuiGrid2-root"
          >
            <div
              class="MuiGrid2-root MuiGrid2-direction-xs-row MuiGrid2-grid-xs-6 css-ticvdu-MuiGrid2-root"
            >
              <div
                class="sc-gNZgCX hGItiC"
              >
                <div>
                  <span
                    class="sc-FEMpB ddgbkI"
                    color="textSecondary"
                  >
                    Total Number of Households
                  </span>
                  <div
                    data-cy="label-Total Number of Households"
                  >
                    <span
                      class="sc-gjcoXW fZsJNd"
                      color="textSecondary"
                    >
                      <div
                        class="sc-kfeOyU esIFmr"
                      >
                        1
                      </div>
                    </span>
                  </div>
                </div>
              </div>
            </div>
            <div
              class="MuiGrid2-root MuiGrid2-direction-xs-row MuiGrid2-grid-xs-6 css-ticvdu-MuiGrid2-root"
            >
              <div
                class="sc-gNZgCX hGItiC"
              >
                <div>
                  <span
                    class="sc-FEMpB ddgbkI"
                    color="textSecondary"
                  >
                    Targeted Individuals
                  </span>
                  <div
                    data-cy="label-Targeted Individuals"
                  >
                    <span
                      class="sc-gjcoXW fZsJNd"
                      color="textSecondary"
                    >
                      <div
                        class="sc-kfeOyU esIFmr"
                      >
                        3
                      </div>
                    </span>
                  </div>
                </div>
              </div>
            </div>
          </div>
        </div>
      </div>
    </div>
  </div>
</div>
`;
