// Jest Snapshot v1, https://goo.gl/fbAQLP

exports[`components/grievances/GrievancesDetails should render 1`] = `
<div>
  <div
    class="MuiGrid-root MuiGrid-item MuiGrid-grid-xs-12 css-13i4rnv-MuiGrid-root"
  >
    <div
      class="MuiPaper-root MuiPaper-elevation MuiPaper-rounded MuiPaper-elevation1 sc-blHHSb kPa-dfK css-1ps6pg7-MuiPaper-root"
    >
      <div
        class="sc-dpBQxM jHeYpq"
      >
        <h6
          class="MuiTypography-root MuiTypography-h6 css-1j53xw6-MuiTypography-root"
        >
          Details
        </h6>
      </div>
      <div
        class="sc-dntaoT fMVexb"
      >
        <div
          class="MuiGrid-root MuiGrid-container MuiGrid-spacing-xs-6 css-zow5z4-MuiGrid-root"
        >
          <div
            class="MuiGrid-root MuiGrid-item MuiGrid-grid-xs-3 css-1equabv-MuiGrid-root"
          >
            <div>
              <span
                class="sc-egkSDF bUfwNm"
                color="textSecondary"
              >
                Status
              </span>
              <div
                data-cy="label-Status"
              >
                <span
                  class="sc-fAUdSK fuvdWP"
                  color="textSecondary"
                >
                  <div
                    class="sc-dstKZu jHyLSU"
                  >
                    <div
                      class="sc-keTIit gWjvwv status-box-container"
                      data-cy="status-container"
                    >
                      In Progress
                    </div>
                  </div>
                </span>
              </div>
            </div>
          </div>
          <div
            class="MuiGrid-root MuiGrid-item MuiGrid-grid-xs-3 css-1equabv-MuiGrid-root"
          >
            <div>
              <span
                class="sc-egkSDF bUfwNm"
                color="textSecondary"
              >
                Priority
              </span>
              <div
                data-cy="label-Priority"
              >
                <span
                  class="sc-fAUdSK fuvdWP"
                  color="textSecondary"
                >
                  <div
                    class="sc-dstKZu jHyLSU"
                  >
                    <div
                      class="sc-keTIit hA-dCPj status-box-container"
                      data-cy="status-container"
                    >
                      High
                    </div>
                  </div>
                </span>
              </div>
            </div>
          </div>
          <div
            class="MuiGrid-root MuiGrid-item MuiGrid-grid-xs-3 css-1equabv-MuiGrid-root"
          >
            <div>
              <span
                class="sc-egkSDF bUfwNm"
                color="textSecondary"
              >
                Urgency
              </span>
              <div
                data-cy="label-Urgency"
              >
                <span
                  class="sc-fAUdSK fuvdWP"
                  color="textSecondary"
                >
                  <div
                    class="sc-dstKZu jHyLSU"
                  >
                    <div
                      class="sc-keTIit hA-dCPj status-box-container"
                      data-cy="status-container"
                    >
                      Very urgent
                    </div>
                  </div>
                </span>
              </div>
            </div>
          </div>
          <div
            class="MuiGrid-root MuiGrid-item MuiGrid-grid-xs-3 css-1equabv-MuiGrid-root"
          >
            <div>
              <span
                class="sc-egkSDF bUfwNm"
                color="textSecondary"
              >
                Assigned to
              </span>
              <div
                data-cy="label-Assigned to"
              >
                <span
                  class="sc-fAUdSK fuvdWP"
                  color="textSecondary"
                >
                  Maciej Szewczyk
                </span>
              </div>
            </div>
          </div>
          <div
            class="MuiGrid-root MuiGrid-item MuiGrid-grid-xs-3 css-1equabv-MuiGrid-root"
          >
            <div>
              <span
                class="sc-egkSDF bUfwNm"
                color="textSecondary"
              >
                Category
              </span>
              <div
                data-cy="label-Category"
              >
                <span
                  class="sc-fAUdSK fuvdWP"
                  color="textSecondary"
                >
                  <span>
                    Data Change
                  </span>
                </span>
              </div>
            </div>
          </div>
          <div
            class="MuiGrid-root MuiGrid-item MuiGrid-grid-xs-3 css-1equabv-MuiGrid-root"
          >
            <div>
              <span
                class="sc-egkSDF bUfwNm"
                color="textSecondary"
              >
                Issue Type
              </span>
              <div
                data-cy="label-Issue Type"
              >
                <span
                  class="sc-fAUdSK fuvdWP"
                  color="textSecondary"
                >
                  <span>
                    Withdraw Individual
                  </span>
                </span>
              </div>
            </div>
          </div>
          <div
            class="MuiGrid-root MuiGrid-item MuiGrid-grid-xs-3 css-1equabv-MuiGrid-root"
          >
            <div>
              <span
                class="sc-egkSDF bUfwNm"
                color="textSecondary"
              >
                Household ID
              </span>
              <div
                data-cy="label-Household ID"
              >
                <span
                  class="sc-fAUdSK fuvdWP"
                  color="textSecondary"
                >
                  <span>
                    <a
                      class="sc-jwIPbr gLUwzC"
                      href="/afghanistan/programs/UHJvZ3JhbU5vZGU6NmI1OTE1OTktYmNhNy00NDVhLWJmZjItYWU5MTUyMjMxZGFm/population/household/SG91c2Vob2xkTm9kZTo3NjExNzM2Ny0yYWFiLTRmNTEtODUwOC1mMzBmODliYWUzYzE="
                    >
                      HH-20-0000.0001
                    </a>
                  </span>
                </span>
              </div>
            </div>
          </div>
          <div
            class="MuiGrid-root MuiGrid-item MuiGrid-grid-xs-3 css-1equabv-MuiGrid-root"
          >
            <div>
              <span
                class="sc-egkSDF bUfwNm"
                color="textSecondary"
              >
                Individual ID
              </span>
              <div
                data-cy="label-Individual ID"
              >
                <span
                  class="sc-fAUdSK fuvdWP"
                  color="textSecondary"
                >
                  <span>
                    <a
                      class="sc-jwIPbr gLUwzC"
                      href="/afghanistan/programs/UHJvZ3JhbU5vZGU6NmI1OTE1OTktYmNhNy00NDVhLWJmZjItYWU5MTUyMjMxZGFm/population/individuals/SW5kaXZpZHVhbE5vZGU6ZjVmMzgwN2ItYTBjOS00Mjk0LTg0Y2QtNDhkMjllMjZhODU3"
                    >
                      IND-88-0000.0005
                    </a>
                  </span>
                </span>
              </div>
            </div>
          </div>
          <div
            class="MuiGrid-root MuiGrid-item MuiGrid-grid-xs-3 css-1equabv-MuiGrid-root"
          >
            <div>
              <span
                class="sc-egkSDF bUfwNm"
                color="textSecondary"
              >
                Payment ID
              </span>
              <div
                data-cy="label-Payment ID"
              >
                <span
                  class="sc-fAUdSK fuvdWP"
                  color="textSecondary"
                >
                  <span>
                    -
                  </span>
                </span>
              </div>
            </div>
          </div>
          <div
            class="MuiGrid-root MuiGrid-item MuiGrid-grid-xs-3 css-1equabv-MuiGrid-root"
          >
            <div>
              <span
                class="sc-egkSDF bUfwNm"
                color="textSecondary"
              >
                Payment Plan
              </span>
              <div
                data-cy="label-Payment Plan"
              >
                <span
                  class="sc-fAUdSK fuvdWP"
                  color="textSecondary"
                >
                  <span>
                    -
                  </span>
                </span>
              </div>
            </div>
          </div>
          <div
            class="MuiGrid-root MuiGrid-item MuiGrid-grid-xs-3 css-1equabv-MuiGrid-root"
          >
            <div>
              <span
                class="sc-egkSDF bUfwNm"
                color="textSecondary"
              >
                Payment Plan Verification
              </span>
              <div
                data-cy="label-Payment Plan Verification"
              >
                <span
                  class="sc-fAUdSK fuvdWP"
                  color="textSecondary"
                >
                  <span>
                    -
                  </span>
                </span>
              </div>
            </div>
          </div>
          <div
            class="MuiGrid-root MuiGrid-item MuiGrid-grid-xs-3 css-1equabv-MuiGrid-root"
          >
            <div>
              <span
                class="sc-egkSDF bUfwNm"
                color="textSecondary"
              >
                Programme
              </span>
              <div
                data-cy="label-Programme"
              >
                <span
                  class="sc-fAUdSK fuvdWP"
                  color="textSecondary"
                >
                  -
                </span>
              </div>
            </div>
          </div>
          <div
            class="MuiGrid-root MuiGrid-item MuiGrid-grid-xs-3 css-1equabv-MuiGrid-root"
          >
            <div>
              <span
                class="sc-egkSDF bUfwNm"
                color="textSecondary"
              >
                Created By
              </span>
              <div
                data-cy="label-Created By"
              >
                <span
                  class="sc-fAUdSK fuvdWP"
                  color="textSecondary"
                >
                  Maciej Szewczyk
                </span>
              </div>
            </div>
          </div>
          <div
            class="MuiGrid-root MuiGrid-item MuiGrid-grid-xs-3 css-1equabv-MuiGrid-root"
          >
            <div>
              <span
                class="sc-egkSDF bUfwNm"
                color="textSecondary"
              >
                Date Created
              </span>
              <div
                data-cy="label-Date Created"
              >
                <span
                  class="sc-fAUdSK fuvdWP"
                  color="textSecondary"
                >
                  <time
                    datetime="1644571534682"
                  >
                    11 Feb 2022
                  </time>
                </span>
              </div>
            </div>
          </div>
          <div
            class="MuiGrid-root MuiGrid-item MuiGrid-grid-xs-3 css-1equabv-MuiGrid-root"
          >
            <div>
              <span
                class="sc-egkSDF bUfwNm"
                color="textSecondary"
              >
                Last Modified Date
              </span>
              <div
                data-cy="label-Last Modified Date"
              >
                <span
                  class="sc-fAUdSK fuvdWP"
                  color="textSecondary"
                >
                  <time
                    datetime="1644571964102"
                  >
                    11 Feb 2022
                  </time>
                </span>
              </div>
            </div>
          </div>
          <div
            class="MuiGrid-root MuiGrid-item MuiGrid-grid-xs-3 css-1equabv-MuiGrid-root"
          >
            <div>
              <span
                class="sc-egkSDF bUfwNm"
                color="textSecondary"
              >
                Administrative Level 2
              </span>
              <div
                data-cy="label-Administrative Level 2"
              >
                -
              </div>
            </div>
          </div>
          <div
            class="MuiGrid-root MuiGrid-item MuiGrid-grid-xs-3 css-1equabv-MuiGrid-root"
          >
            <div>
              <span
                class="sc-egkSDF bUfwNm"
                color="textSecondary"
              >
                Area / Village / Pay point
              </span>
              <div
                data-cy="label-Area / Village / Pay point"
              >
                -
              </div>
            </div>
          </div>
          <div
            class="MuiGrid-root MuiGrid-item MuiGrid-grid-xs-3 css-1equabv-MuiGrid-root"
          >
            <div>
              <span
                class="sc-egkSDF bUfwNm"
                color="textSecondary"
              >
                Languages Spoken
              </span>
              <div
                data-cy="label-Languages Spoken"
              >
                -
              </div>
            </div>
          </div>
          <div
            class="MuiGrid-root MuiGrid-item MuiGrid-grid-xs-3 css-1equabv-MuiGrid-root"
          >
            <div>
              <span
                class="sc-egkSDF bUfwNm"
                color="textSecondary"
              >
                Documentation
              </span>
              <div
                data-cy="label-Documentation"
              >
                <span
                  class="sc-fAUdSK fuvdWP"
                  color="textSecondary"
                >
                  <div
                    class="MuiBox-root css-j7qwjs"
                  >
                    -
                  </div>
                </span>
              </div>
            </div>
          </div>
          <div
            class="MuiGrid-root MuiGrid-item MuiGrid-grid-xs-12 css-1idn90j-MuiGrid-root"
          >
            <div>
              <span
                class="sc-egkSDF bUfwNm"
                color="textSecondary"
              >
                Description
              </span>
              <div
                data-cy="label-Description"
              >
                <span
                  class="sc-fAUdSK fuvdWP"
                  color="textSecondary"
                >
                  dwdw
                </span>
              </div>
            </div>
          </div>
          <div
            class="MuiGrid-root MuiGrid-item MuiGrid-grid-xs-12 css-1idn90j-MuiGrid-root"
          >
            <div>
              <span
                class="sc-egkSDF bUfwNm"
                color="textSecondary"
              >
                Comments
              </span>
              <div
                data-cy="label-Comments"
              >
                -
              </div>
            </div>
          </div>
        </div>
      </div>
    </div>
  </div>
</div>
`;
