// Jest Snapshot v1, https://goo.gl/fbAQLP

exports[`containers/tables/rdi/ImportedIndividualsTable should render loading 1`] = `
<div>
  <div
    data-cy="imported-individuals-table"
  >
    <div
      class="sc-jJLAfE cQrxrg"
    >
      <div
        class="MuiTableContainer-root sc-eqYatC css-70zvr5-MuiTableContainer-root"
      >
        <div
          class="sc-kcLKEh haqBgZ MuiBox-root css-0"
        >
          <div
            class="sc-kcLKEh haqBgZ MuiBox-root css-1ruxp1v"
          />
        </div>
        <table
          class="MuiTable-root sc-kNOymR sc-dntSTA bKldJv dxlXib css-14k3lwa-MuiTable-root"
        >
          <thead
            class="MuiTableHead-root css-1a7iywq-MuiTableHead-root"
          >
            <tr
              class="MuiTableRow-root MuiTableRow-head css-1o8lslm-MuiTableRow-root"
            >
              <th
                class="MuiTableCell-root MuiTableCell-head MuiTableCell-alignLeft MuiTableCell-sizeMedium css-1e9a4b0-MuiTableCell-root"
                scope="col"
              >
                <span
                  class="MuiButtonBase-root MuiTableSortLabel-root MuiTableSortLabel-directionAsc sc-jwTyAe RWAuI css-7x9vt0-MuiButtonBase-root-MuiTableSortLabel-root"
                  data-cy="table-label"
                  role="button"
                  tabindex="0"
                >
                  Individual ID
                  <svg
                    aria-hidden="true"
                    class="MuiSvgIcon-root MuiSvgIcon-fontSizeMedium MuiTableSortLabel-icon MuiTableSortLabel-iconDirectionAsc css-7ojauk-MuiSvgIcon-root-MuiTableSortLabel-icon"
                    data-testid="ArrowDownwardIcon"
                    focusable="false"
                    viewBox="0 0 24 24"
                  >
                    <path
                      d="M20 12l-1.41-1.41L13 16.17V4h-2v12.17l-5.58-5.59L4 12l8 8 8-8z"
                    />
                  </svg>
                </span>
              </th>
              <th
                class="MuiTableCell-root MuiTableCell-head MuiTableCell-alignLeft MuiTableCell-sizeMedium css-1e9a4b0-MuiTableCell-root"
                scope="col"
              >
                <span
                  class="MuiButtonBase-root MuiTableSortLabel-root MuiTableSortLabel-directionAsc sc-jwTyAe RWAuI css-7x9vt0-MuiButtonBase-root-MuiTableSortLabel-root"
                  data-cy="table-label"
                  role="button"
                  tabindex="0"
                >
                  Individual
                  <svg
                    aria-hidden="true"
                    class="MuiSvgIcon-root MuiSvgIcon-fontSizeMedium MuiTableSortLabel-icon MuiTableSortLabel-iconDirectionAsc css-7ojauk-MuiSvgIcon-root-MuiTableSortLabel-icon"
                    data-testid="ArrowDownwardIcon"
                    focusable="false"
                    viewBox="0 0 24 24"
                  >
                    <path
                      d="M20 12l-1.41-1.41L13 16.17V4h-2v12.17l-5.58-5.59L4 12l8 8 8-8z"
                    />
                  </svg>
                </span>
              </th>
              <th
                class="MuiTableCell-root MuiTableCell-head MuiTableCell-alignLeft MuiTableCell-sizeMedium css-1e9a4b0-MuiTableCell-root"
                scope="col"
              >
                <span
                  class="MuiButtonBase-root MuiTableSortLabel-root MuiTableSortLabel-directionAsc sc-jwTyAe RWAuI css-7x9vt0-MuiButtonBase-root-MuiTableSortLabel-root"
                  data-cy="table-label"
                  role="button"
                  tabindex="0"
                >
                  Role
                  <svg
                    aria-hidden="true"
                    class="MuiSvgIcon-root MuiSvgIcon-fontSizeMedium MuiTableSortLabel-icon MuiTableSortLabel-iconDirectionAsc css-7ojauk-MuiSvgIcon-root-MuiTableSortLabel-icon"
                    data-testid="ArrowDownwardIcon"
                    focusable="false"
                    viewBox="0 0 24 24"
                  >
                    <path
                      d="M20 12l-1.41-1.41L13 16.17V4h-2v12.17l-5.58-5.59L4 12l8 8 8-8z"
                    />
                  </svg>
                </span>
              </th>
              <th
                class="MuiTableCell-root MuiTableCell-head MuiTableCell-alignLeft MuiTableCell-sizeMedium css-1e9a4b0-MuiTableCell-root"
                scope="col"
              >
                <span
                  class="MuiButtonBase-root MuiTableSortLabel-root MuiTableSortLabel-directionAsc sc-jwTyAe RWAuI css-7x9vt0-MuiButtonBase-root-MuiTableSortLabel-root"
                  data-cy="table-label"
                  role="button"
                  tabindex="0"
                >
                  Relationship to Head of Household
                  <svg
                    aria-hidden="true"
                    class="MuiSvgIcon-root MuiSvgIcon-fontSizeMedium MuiTableSortLabel-icon MuiTableSortLabel-iconDirectionAsc css-7ojauk-MuiSvgIcon-root-MuiTableSortLabel-icon"
                    data-testid="ArrowDownwardIcon"
                    focusable="false"
                    viewBox="0 0 24 24"
                  >
                    <path
                      d="M20 12l-1.41-1.41L13 16.17V4h-2v12.17l-5.58-5.59L4 12l8 8 8-8z"
                    />
                  </svg>
                </span>
              </th>
              <th
                class="MuiTableCell-root MuiTableCell-head MuiTableCell-alignLeft MuiTableCell-sizeMedium css-1e9a4b0-MuiTableCell-root"
                scope="col"
              >
                <span
                  class="MuiButtonBase-root MuiTableSortLabel-root MuiTableSortLabel-directionAsc sc-jwTyAe RWAuI css-7x9vt0-MuiButtonBase-root-MuiTableSortLabel-root"
                  data-cy="table-label"
                  role="button"
                  tabindex="0"
                >
                  Date of Birth
                  <svg
                    aria-hidden="true"
                    class="MuiSvgIcon-root MuiSvgIcon-fontSizeMedium MuiTableSortLabel-icon MuiTableSortLabel-iconDirectionAsc css-7ojauk-MuiSvgIcon-root-MuiTableSortLabel-icon"
                    data-testid="ArrowDownwardIcon"
                    focusable="false"
                    viewBox="0 0 24 24"
                  >
                    <path
                      d="M20 12l-1.41-1.41L13 16.17V4h-2v12.17l-5.58-5.59L4 12l8 8 8-8z"
                    />
                  </svg>
                </span>
              </th>
              <th
                class="MuiTableCell-root MuiTableCell-head MuiTableCell-alignLeft MuiTableCell-sizeMedium css-1e9a4b0-MuiTableCell-root"
                scope="col"
              >
                <span
                  class="MuiButtonBase-root MuiTableSortLabel-root MuiTableSortLabel-directionAsc sc-jwTyAe RWAuI css-7x9vt0-MuiButtonBase-root-MuiTableSortLabel-root"
                  data-cy="table-label"
                  role="button"
                  tabindex="0"
                >
                  Gender
                  <svg
                    aria-hidden="true"
                    class="MuiSvgIcon-root MuiSvgIcon-fontSizeMedium MuiTableSortLabel-icon MuiTableSortLabel-iconDirectionAsc css-7ojauk-MuiSvgIcon-root-MuiTableSortLabel-icon"
                    data-testid="ArrowDownwardIcon"
                    focusable="false"
                    viewBox="0 0 24 24"
                  >
                    <path
                      d="M20 12l-1.41-1.41L13 16.17V4h-2v12.17l-5.58-5.59L4 12l8 8 8-8z"
                    />
                  </svg>
                </span>
              </th>
              <th
                class="MuiTableCell-root MuiTableCell-head MuiTableCell-alignLeft MuiTableCell-sizeMedium css-1e9a4b0-MuiTableCell-root"
                scope="col"
              >
                <span
                  class="MuiButtonBase-root MuiTableSortLabel-root MuiTableSortLabel-directionAsc sc-jwTyAe RWAuI css-7x9vt0-MuiButtonBase-root-MuiTableSortLabel-root"
                  data-cy="table-label"
                  role="button"
                  tabindex="0"
                >
                  Dedupe within Batch
                  <svg
                    aria-hidden="true"
                    class="MuiSvgIcon-root MuiSvgIcon-fontSizeMedium MuiTableSortLabel-icon MuiTableSortLabel-iconDirectionAsc css-7ojauk-MuiSvgIcon-root-MuiTableSortLabel-icon"
                    data-testid="ArrowDownwardIcon"
                    focusable="false"
                    viewBox="0 0 24 24"
                  >
                    <path
                      d="M20 12l-1.41-1.41L13 16.17V4h-2v12.17l-5.58-5.59L4 12l8 8 8-8z"
                    />
                  </svg>
                </span>
              </th>
              <th
                class="MuiTableCell-root MuiTableCell-head MuiTableCell-alignLeft MuiTableCell-sizeMedium css-1e9a4b0-MuiTableCell-root"
                scope="col"
              >
                <span
                  class="MuiButtonBase-root MuiTableSortLabel-root MuiTableSortLabel-directionAsc sc-jwTyAe RWAuI css-7x9vt0-MuiButtonBase-root-MuiTableSortLabel-root"
                  data-cy="table-label"
                  role="button"
                  tabindex="0"
                >
                  Dedupe against Population
                  <svg
                    aria-hidden="true"
                    class="MuiSvgIcon-root MuiSvgIcon-fontSizeMedium MuiTableSortLabel-icon MuiTableSortLabel-iconDirectionAsc css-7ojauk-MuiSvgIcon-root-MuiTableSortLabel-icon"
                    data-testid="ArrowDownwardIcon"
                    focusable="false"
                    viewBox="0 0 24 24"
                  >
                    <path
                      d="M20 12l-1.41-1.41L13 16.17V4h-2v12.17l-5.58-5.59L4 12l8 8 8-8z"
                    />
                  </svg>
                </span>
              </th>
            </tr>
          </thead>
          <tbody
            class="MuiTableBody-root css-gmh7jj-MuiTableBody-root"
          >
            <tr
              class="MuiTableRow-root sc-dYwGCk eVZaht css-1o8lslm-MuiTableRow-root"
              data-cy="table-row"
            >
              <td
                class="MuiTableCell-root MuiTableCell-body MuiTableCell-sizeMedium sc-lgpSej kfIqcp css-1dc80h3-MuiTableCell-root"
                colspan="8"
              >
                <span
                  class="MuiSkeleton-root MuiSkeleton-rectangular MuiSkeleton-pulse css-3sr0vz-MuiSkeleton-root"
                  style="width: 100%; height: 70px;"
                />
              </td>
            </tr>
            <tr
              class="MuiTableRow-root sc-dYwGCk eVZaht css-1o8lslm-MuiTableRow-root"
              data-cy="table-row"
            >
              <td
                class="MuiTableCell-root MuiTableCell-body MuiTableCell-sizeMedium sc-lgpSej kfIqcp css-1dc80h3-MuiTableCell-root"
                colspan="8"
              >
                <span
                  class="MuiSkeleton-root MuiSkeleton-rectangular MuiSkeleton-pulse css-3sr0vz-MuiSkeleton-root"
                  style="width: 100%; height: 70px;"
                />
              </td>
            </tr>
            <tr
              class="MuiTableRow-root sc-dYwGCk eVZaht css-1o8lslm-MuiTableRow-root"
              data-cy="table-row"
            >
              <td
                class="MuiTableCell-root MuiTableCell-body MuiTableCell-sizeMedium sc-lgpSej kfIqcp css-1dc80h3-MuiTableCell-root"
                colspan="8"
              >
                <span
                  class="MuiSkeleton-root MuiSkeleton-rectangular MuiSkeleton-pulse css-3sr0vz-MuiSkeleton-root"
                  style="width: 100%; height: 70px;"
                />
              </td>
            </tr>
            <tr
              class="MuiTableRow-root sc-dYwGCk eVZaht css-1o8lslm-MuiTableRow-root"
              data-cy="table-row"
            >
              <td
                class="MuiTableCell-root MuiTableCell-body MuiTableCell-sizeMedium sc-lgpSej kfIqcp css-1dc80h3-MuiTableCell-root"
                colspan="8"
              >
                <span
                  class="MuiSkeleton-root MuiSkeleton-rectangular MuiSkeleton-pulse css-3sr0vz-MuiSkeleton-root"
                  style="width: 100%; height: 70px;"
                />
              </td>
            </tr>
            <tr
              class="MuiTableRow-root sc-dYwGCk eVZaht css-1o8lslm-MuiTableRow-root"
              data-cy="table-row"
            >
              <td
                class="MuiTableCell-root MuiTableCell-body MuiTableCell-sizeMedium sc-lgpSej kfIqcp css-1dc80h3-MuiTableCell-root"
                colspan="8"
              >
                <span
                  class="MuiSkeleton-root MuiSkeleton-rectangular MuiSkeleton-pulse css-3sr0vz-MuiSkeleton-root"
                  style="width: 100%; height: 70px;"
                />
              </td>
            </tr>
            <tr
              class="MuiTableRow-root sc-dYwGCk eVZaht css-1o8lslm-MuiTableRow-root"
              data-cy="table-row"
            >
              <td
                class="MuiTableCell-root MuiTableCell-body MuiTableCell-sizeMedium sc-lgpSej kfIqcp css-1dc80h3-MuiTableCell-root"
                colspan="8"
              >
                <span
                  class="MuiSkeleton-root MuiSkeleton-rectangular MuiSkeleton-pulse css-3sr0vz-MuiSkeleton-root"
                  style="width: 100%; height: 70px;"
                />
              </td>
            </tr>
            <tr
              class="MuiTableRow-root sc-dYwGCk eVZaht css-1o8lslm-MuiTableRow-root"
              data-cy="table-row"
            >
              <td
                class="MuiTableCell-root MuiTableCell-body MuiTableCell-sizeMedium sc-lgpSej kfIqcp css-1dc80h3-MuiTableCell-root"
                colspan="8"
              >
                <span
                  class="MuiSkeleton-root MuiSkeleton-rectangular MuiSkeleton-pulse css-3sr0vz-MuiSkeleton-root"
                  style="width: 100%; height: 70px;"
                />
              </td>
            </tr>
            <tr
              class="MuiTableRow-root sc-dYwGCk eVZaht css-1o8lslm-MuiTableRow-root"
              data-cy="table-row"
            >
              <td
                class="MuiTableCell-root MuiTableCell-body MuiTableCell-sizeMedium sc-lgpSej kfIqcp css-1dc80h3-MuiTableCell-root"
                colspan="8"
              >
                <span
                  class="MuiSkeleton-root MuiSkeleton-rectangular MuiSkeleton-pulse css-3sr0vz-MuiSkeleton-root"
                  style="width: 100%; height: 70px;"
                />
              </td>
            </tr>
            <tr
              class="MuiTableRow-root sc-dYwGCk eVZaht css-1o8lslm-MuiTableRow-root"
              data-cy="table-row"
            >
              <td
                class="MuiTableCell-root MuiTableCell-body MuiTableCell-sizeMedium sc-lgpSej kfIqcp css-1dc80h3-MuiTableCell-root"
                colspan="8"
              >
                <span
                  class="MuiSkeleton-root MuiSkeleton-rectangular MuiSkeleton-pulse css-3sr0vz-MuiSkeleton-root"
                  style="width: 100%; height: 70px;"
                />
              </td>
            </tr>
            <tr
              class="MuiTableRow-root sc-dYwGCk eVZaht css-1o8lslm-MuiTableRow-root"
              data-cy="table-row"
            >
              <td
                class="MuiTableCell-root MuiTableCell-body MuiTableCell-sizeMedium sc-lgpSej kfIqcp css-1dc80h3-MuiTableCell-root"
                colspan="8"
              >
                <span
                  class="MuiSkeleton-root MuiSkeleton-rectangular MuiSkeleton-pulse css-3sr0vz-MuiSkeleton-root"
                  style="width: 100%; height: 70px;"
                />
              </td>
            </tr>
          </tbody>
        </table>
      </div>
      <div
        class="MuiTablePagination-root css-7mt0f-MuiTablePagination-root"
        data-cy="table-pagination"
      >
        <div
          class="MuiToolbar-root MuiToolbar-gutters MuiToolbar-regular MuiTablePagination-toolbar css-nphfye-MuiToolbar-root-MuiTablePagination-toolbar"
        >
          <div
            class="MuiTablePagination-spacer css-1wtxofq-MuiTablePagination-spacer"
          />
          <p
            class="MuiTablePagination-selectLabel css-s09cke-MuiTablePagination-selectLabel"
            id="«r8»"
          >
            Rows per page:
          </p>
          <div
            class="MuiInputBase-root MuiInputBase-colorPrimary MuiTablePagination-select MuiSelect-root MuiTablePagination-input css-oegngy-MuiInputBase-root-MuiTablePagination-select"
          >
            <div
              aria-expanded="false"
              aria-haspopup="listbox"
              aria-labelledby="«r8» «r7»"
              class="MuiSelect-select MuiTablePagination-select MuiSelect-standard MuiInputBase-input css-18zjd9i-MuiNativeSelect-root-MuiSelect-select-MuiInputBase-input"
              id="«r7»"
              role="combobox"
              tabindex="0"
            >
              10
            </div>
            <input
              aria-hidden="true"
              aria-invalid="false"
              class="MuiSelect-nativeInput css-j0riat-MuiSelect-nativeInput"
              tabindex="-1"
              value="10"
            />
            <svg
              aria-hidden="true"
              class="MuiSvgIcon-root MuiSvgIcon-fontSizeMedium MuiSelect-icon MuiTablePagination-selectIcon MuiSelect-iconStandard css-ug7h84-MuiSvgIcon-root-MuiNativeSelect-root-MuiSelect-icon"
              data-testid="ArrowDropDownIcon"
              focusable="false"
              viewBox="0 0 24 24"
            >
              <path
                d="M7 10l5 5 5-5z"
              />
            </svg>
          </div>
          <p
            class="MuiTablePagination-displayedRows css-11cfq65-MuiTablePagination-displayedRows"
          >
            0–0 of 0
          </p>
          <div
            class="MuiBox-root css-nkn1dz"
          >
            <button
              aria-label="previous page"
              class="MuiButtonBase-root Mui-disabled MuiIconButton-root Mui-disabled MuiIconButton-sizeMedium css-53g0n7-MuiButtonBase-root-MuiIconButton-root"
              disabled=""
              tabindex="-1"
              type="button"
            >
              <svg
                aria-hidden="true"
                class="MuiSvgIcon-root MuiSvgIcon-fontSizeMedium css-1umw9bq-MuiSvgIcon-root"
                data-testid="KeyboardArrowLeftIcon"
                focusable="false"
                viewBox="0 0 24 24"
              >
                <path
                  d="M15.41 16.59 10.83 12l4.58-4.59L14 6l-6 6 6 6z"
                />
              </svg>
            </button>
            <button
              aria-label="next page"
              class="MuiButtonBase-root Mui-disabled MuiIconButton-root Mui-disabled MuiIconButton-sizeMedium css-53g0n7-MuiButtonBase-root-MuiIconButton-root"
              disabled=""
              tabindex="-1"
              type="button"
            >
              <svg
                aria-hidden="true"
                class="MuiSvgIcon-root MuiSvgIcon-fontSizeMedium css-1umw9bq-MuiSvgIcon-root"
                data-testid="KeyboardArrowRightIcon"
                focusable="false"
                viewBox="0 0 24 24"
              >
                <path
                  d="M8.59 16.59 13.17 12 8.59 7.41 10 6l6 6-6 6z"
                />
              </svg>
            </button>
          </div>
        </div>
      </div>
    </div>
  </div>
</div>
`;

exports[`containers/tables/rdi/ImportedIndividualsTable should render with data 1`] = `
<div>
  <div
    data-cy="imported-individuals-table"
  >
    <div>
      Unexpected error
    </div>
  </div>
</div>
`;
