// Vitest Snapshot v1, https://vitest.dev/guide/snapshot.html

exports[`HouseholdMembersTable > should handle empty household members list 1`] = `
<div>
  <div
    class="sc-dntSTA gIfChW"
  >
    <div
      class="MuiPaper-root MuiPaper-elevation MuiPaper-rounded MuiPaper-elevation1 sc-kvnevz blLxTe css-1gtchvp-MuiPaper-root"
      style="--Paper-shadow: 0px 2px 1px -1px rgba(0,0,0,0.2),0px 1px 1px 0px rgba(0,0,0,0.14),0px 1px 3px 0px rgba(0,0,0,0.12);"
    >
      <div
        class="MuiTableContainer-root sc-fbQrwq css-70zvr5-MuiTableContainer-root"
      >
        <div
          class="sc-gGKoUb PVWQI MuiBox-root css-0"
        >
          <div
            class="MuiToolbar-root MuiToolbar-gutters MuiToolbar-regular css-16wdp7y-MuiToolbar-root"
          >
            <h6
              class="MuiTypography-root MuiTypography-h6 css-15aaxeb-MuiTypography-root"
              data-cy="table-title"
            >
              Household Members
            </h6>
          </div>
          <div
            class="sc-gGKoUb PVWQI MuiBox-root css-1ruxp1v"
          />
        </div>
        <table
          class="MuiTable-root sc-dFVmKS sc-hwddKA dlFQiS eLRtlq css-14k3lwa-MuiTable-root"
        >
          <thead
            class="MuiTableHead-root css-1a7iywq-MuiTableHead-root"
          >
            <tr
              class="MuiTableRow-root MuiTableRow-head css-1o8lslm-MuiTableRow-root"
            >
              <th
                class="MuiTableCell-root MuiTableCell-head MuiTableCell-alignLeft MuiTableCell-sizeMedium css-1e9a4b0-MuiTableCell-root"
                scope="col"
              >
                <span
                  class="sc-kcLKEh iUdHLq"
                  data-cy="table-label"
                >
                  Individual ID
                </span>
              </th>
              <th
                class="MuiTableCell-root MuiTableCell-head MuiTableCell-alignLeft MuiTableCell-sizeMedium css-1e9a4b0-MuiTableCell-root"
                scope="col"
              >
                <span
                  class="sc-kcLKEh iUdHLq"
                  data-cy="table-label"
                >
                  Individual
                </span>
              </th>
              <th
                class="MuiTableCell-root MuiTableCell-head MuiTableCell-alignLeft MuiTableCell-sizeMedium css-1e9a4b0-MuiTableCell-root"
                scope="col"
              >
                <span
                  class="sc-kcLKEh iUdHLq"
                  data-cy="table-label"
                >
                  Status
                </span>
              </th>
              <th
                class="MuiTableCell-root MuiTableCell-head MuiTableCell-alignLeft MuiTableCell-sizeMedium css-1e9a4b0-MuiTableCell-root"
                scope="col"
              >
                <span
                  class="sc-kcLKEh iUdHLq"
                  data-cy="table-label"
                >
                  Relationship to HoH
                </span>
              </th>
              <th
                class="MuiTableCell-root MuiTableCell-head MuiTableCell-alignRight MuiTableCell-sizeMedium css-to33az-MuiTableCell-root"
                scope="col"
              >
                <span
                  class="sc-kcLKEh iUdHLq"
                  data-cy="table-label"
                >
                  Date of Birth
                </span>
              </th>
              <th
                class="MuiTableCell-root MuiTableCell-head MuiTableCell-alignLeft MuiTableCell-sizeMedium css-1e9a4b0-MuiTableCell-root"
                scope="col"
              >
                <span
                  class="sc-kcLKEh iUdHLq"
                  data-cy="table-label"
                >
                  Gender
                </span>
              </th>
            </tr>
          </thead>
          <tbody
            class="MuiTableBody-root css-gmh7jj-MuiTableBody-root"
          >
            <tr
              class="MuiTableRow-root sc-kCuUfV fjhOdM css-1o8lslm-MuiTableRow-root"
              data-cy="table-row"
            >
              <td
                class="MuiTableCell-root MuiTableCell-body MuiTableCell-sizeMedium sc-dNdcvo lhzKhu css-1dc80h3-MuiTableCell-root"
                colspan="6"
              >
                <span
                  class="MuiSkeleton-root MuiSkeleton-rectangular MuiSkeleton-pulse css-3sr0vz-MuiSkeleton-root"
                  style="width: 100%; height: 70px;"
                />
              </td>
            </tr>
            <tr
              class="MuiTableRow-root sc-kCuUfV fjhOdM css-1o8lslm-MuiTableRow-root"
              data-cy="table-row"
            >
              <td
                class="MuiTableCell-root MuiTableCell-body MuiTableCell-sizeMedium sc-dNdcvo lhzKhu css-1dc80h3-MuiTableCell-root"
                colspan="6"
              >
                <span
                  class="MuiSkeleton-root MuiSkeleton-rectangular MuiSkeleton-pulse css-3sr0vz-MuiSkeleton-root"
                  style="width: 100%; height: 70px;"
                />
              </td>
            </tr>
            <tr
              class="MuiTableRow-root sc-kCuUfV fjhOdM css-1o8lslm-MuiTableRow-root"
              data-cy="table-row"
            >
              <td
                class="MuiTableCell-root MuiTableCell-body MuiTableCell-sizeMedium sc-dNdcvo lhzKhu css-1dc80h3-MuiTableCell-root"
                colspan="6"
              >
                <span
                  class="MuiSkeleton-root MuiSkeleton-rectangular MuiSkeleton-pulse css-3sr0vz-MuiSkeleton-root"
                  style="width: 100%; height: 70px;"
                />
              </td>
            </tr>
            <tr
              class="MuiTableRow-root sc-kCuUfV fjhOdM css-1o8lslm-MuiTableRow-root"
              data-cy="table-row"
            >
              <td
                class="MuiTableCell-root MuiTableCell-body MuiTableCell-sizeMedium sc-dNdcvo lhzKhu css-1dc80h3-MuiTableCell-root"
                colspan="6"
              >
                <span
                  class="MuiSkeleton-root MuiSkeleton-rectangular MuiSkeleton-pulse css-3sr0vz-MuiSkeleton-root"
                  style="width: 100%; height: 70px;"
                />
              </td>
            </tr>
            <tr
              class="MuiTableRow-root sc-kCuUfV fjhOdM css-1o8lslm-MuiTableRow-root"
              data-cy="table-row"
            >
              <td
                class="MuiTableCell-root MuiTableCell-body MuiTableCell-sizeMedium sc-dNdcvo lhzKhu css-1dc80h3-MuiTableCell-root"
                colspan="6"
              >
                <span
                  class="MuiSkeleton-root MuiSkeleton-rectangular MuiSkeleton-pulse css-3sr0vz-MuiSkeleton-root"
                  style="width: 100%; height: 70px;"
                />
              </td>
            </tr>
          </tbody>
        </table>
      </div>
    </div>
  </div>
</div>
`;

exports[`HouseholdMembersTable > should render HouseholdMembersTable correctly 1`] = `
<div>
  <div
    class="sc-dntSTA gIfChW"
  >
    <div
      class="MuiPaper-root MuiPaper-elevation MuiPaper-rounded MuiPaper-elevation1 sc-kvnevz blLxTe css-1gtchvp-MuiPaper-root"
      style="--Paper-shadow: 0px 2px 1px -1px rgba(0,0,0,0.2),0px 1px 1px 0px rgba(0,0,0,0.14),0px 1px 3px 0px rgba(0,0,0,0.12);"
    >
      <div
        class="MuiTableContainer-root sc-fbQrwq css-70zvr5-MuiTableContainer-root"
      >
        <div
          class="sc-gGKoUb PVWQI MuiBox-root css-0"
        >
          <div
            class="MuiToolbar-root MuiToolbar-gutters MuiToolbar-regular css-16wdp7y-MuiToolbar-root"
          >
            <h6
              class="MuiTypography-root MuiTypography-h6 css-15aaxeb-MuiTypography-root"
              data-cy="table-title"
            >
              Household Members
            </h6>
          </div>
          <div
            class="sc-gGKoUb PVWQI MuiBox-root css-1ruxp1v"
          />
        </div>
        <table
          class="MuiTable-root sc-dFVmKS sc-hwddKA dlFQiS eLRtlq css-14k3lwa-MuiTable-root"
        >
          <thead
            class="MuiTableHead-root css-1a7iywq-MuiTableHead-root"
          >
            <tr
              class="MuiTableRow-root MuiTableRow-head css-1o8lslm-MuiTableRow-root"
            >
              <th
                class="MuiTableCell-root MuiTableCell-head MuiTableCell-alignLeft MuiTableCell-sizeMedium css-1e9a4b0-MuiTableCell-root"
                scope="col"
              >
                <span
                  class="sc-kcLKEh iUdHLq"
                  data-cy="table-label"
                >
                  Individual ID
                </span>
              </th>
              <th
                class="MuiTableCell-root MuiTableCell-head MuiTableCell-alignLeft MuiTableCell-sizeMedium css-1e9a4b0-MuiTableCell-root"
                scope="col"
              >
                <span
                  class="sc-kcLKEh iUdHLq"
                  data-cy="table-label"
                >
                  Individual
                </span>
              </th>
              <th
                class="MuiTableCell-root MuiTableCell-head MuiTableCell-alignLeft MuiTableCell-sizeMedium css-1e9a4b0-MuiTableCell-root"
                scope="col"
              >
                <span
                  class="sc-kcLKEh iUdHLq"
                  data-cy="table-label"
                >
                  Status
                </span>
              </th>
              <th
                class="MuiTableCell-root MuiTableCell-head MuiTableCell-alignLeft MuiTableCell-sizeMedium css-1e9a4b0-MuiTableCell-root"
                scope="col"
              >
                <span
                  class="sc-kcLKEh iUdHLq"
                  data-cy="table-label"
                >
                  Relationship to HoH
                </span>
              </th>
              <th
                class="MuiTableCell-root MuiTableCell-head MuiTableCell-alignRight MuiTableCell-sizeMedium css-to33az-MuiTableCell-root"
                scope="col"
              >
                <span
                  class="sc-kcLKEh iUdHLq"
                  data-cy="table-label"
                >
                  Date of Birth
                </span>
              </th>
              <th
                class="MuiTableCell-root MuiTableCell-head MuiTableCell-alignLeft MuiTableCell-sizeMedium css-1e9a4b0-MuiTableCell-root"
                scope="col"
              >
                <span
                  class="sc-kcLKEh iUdHLq"
                  data-cy="table-label"
                >
                  Gender
                </span>
              </th>
            </tr>
          </thead>
          <tbody
            class="MuiTableBody-root css-gmh7jj-MuiTableBody-root"
          >
            <tr
              class="MuiTableRow-root sc-kCuUfV fjhOdM css-1o8lslm-MuiTableRow-root"
              data-cy="table-row"
            >
              <td
                class="MuiTableCell-root MuiTableCell-body MuiTableCell-sizeMedium sc-dNdcvo lhzKhu css-1dc80h3-MuiTableCell-root"
                colspan="6"
              >
                <span
                  class="MuiSkeleton-root MuiSkeleton-rectangular MuiSkeleton-pulse css-3sr0vz-MuiSkeleton-root"
                  style="width: 100%; height: 70px;"
                />
              </td>
            </tr>
            <tr
              class="MuiTableRow-root sc-kCuUfV fjhOdM css-1o8lslm-MuiTableRow-root"
              data-cy="table-row"
            >
              <td
                class="MuiTableCell-root MuiTableCell-body MuiTableCell-sizeMedium sc-dNdcvo lhzKhu css-1dc80h3-MuiTableCell-root"
                colspan="6"
              >
                <span
                  class="MuiSkeleton-root MuiSkeleton-rectangular MuiSkeleton-pulse css-3sr0vz-MuiSkeleton-root"
                  style="width: 100%; height: 70px;"
                />
              </td>
            </tr>
            <tr
              class="MuiTableRow-root sc-kCuUfV fjhOdM css-1o8lslm-MuiTableRow-root"
              data-cy="table-row"
            >
              <td
                class="MuiTableCell-root MuiTableCell-body MuiTableCell-sizeMedium sc-dNdcvo lhzKhu css-1dc80h3-MuiTableCell-root"
                colspan="6"
              >
                <span
                  class="MuiSkeleton-root MuiSkeleton-rectangular MuiSkeleton-pulse css-3sr0vz-MuiSkeleton-root"
                  style="width: 100%; height: 70px;"
                />
              </td>
            </tr>
            <tr
              class="MuiTableRow-root sc-kCuUfV fjhOdM css-1o8lslm-MuiTableRow-root"
              data-cy="table-row"
            >
              <td
                class="MuiTableCell-root MuiTableCell-body MuiTableCell-sizeMedium sc-dNdcvo lhzKhu css-1dc80h3-MuiTableCell-root"
                colspan="6"
              >
                <span
                  class="MuiSkeleton-root MuiSkeleton-rectangular MuiSkeleton-pulse css-3sr0vz-MuiSkeleton-root"
                  style="width: 100%; height: 70px;"
                />
              </td>
            </tr>
            <tr
              class="MuiTableRow-root sc-kCuUfV fjhOdM css-1o8lslm-MuiTableRow-root"
              data-cy="table-row"
            >
              <td
                class="MuiTableCell-root MuiTableCell-body MuiTableCell-sizeMedium sc-dNdcvo lhzKhu css-1dc80h3-MuiTableCell-root"
                colspan="6"
              >
                <span
                  class="MuiSkeleton-root MuiSkeleton-rectangular MuiSkeleton-pulse css-3sr0vz-MuiSkeleton-root"
                  style="width: 100%; height: 70px;"
                />
              </td>
            </tr>
          </tbody>
        </table>
      </div>
    </div>
  </div>
</div>
`;

exports[`HouseholdMembersTable > should render multiple household members with different relationships 1`] = `
<div>
  <div
    class="sc-dntSTA gIfChW"
  >
    <div
      class="MuiPaper-root MuiPaper-elevation MuiPaper-rounded MuiPaper-elevation1 sc-kvnevz blLxTe css-1gtchvp-MuiPaper-root"
      style="--Paper-shadow: 0px 2px 1px -1px rgba(0,0,0,0.2),0px 1px 1px 0px rgba(0,0,0,0.14),0px 1px 3px 0px rgba(0,0,0,0.12);"
    >
      <div
        class="MuiTableContainer-root sc-fbQrwq css-70zvr5-MuiTableContainer-root"
      >
        <div
          class="sc-gGKoUb PVWQI MuiBox-root css-0"
        >
          <div
            class="MuiToolbar-root MuiToolbar-gutters MuiToolbar-regular css-16wdp7y-MuiToolbar-root"
          >
            <h6
              class="MuiTypography-root MuiTypography-h6 css-15aaxeb-MuiTypography-root"
              data-cy="table-title"
            >
              Household Members
            </h6>
          </div>
          <div
            class="sc-gGKoUb PVWQI MuiBox-root css-1ruxp1v"
          />
        </div>
        <table
          class="MuiTable-root sc-dFVmKS sc-hwddKA dlFQiS eLRtlq css-14k3lwa-MuiTable-root"
        >
          <thead
            class="MuiTableHead-root css-1a7iywq-MuiTableHead-root"
          >
            <tr
              class="MuiTableRow-root MuiTableRow-head css-1o8lslm-MuiTableRow-root"
            >
              <th
                class="MuiTableCell-root MuiTableCell-head MuiTableCell-alignLeft MuiTableCell-sizeMedium css-1e9a4b0-MuiTableCell-root"
                scope="col"
              >
                <span
                  class="sc-kcLKEh iUdHLq"
                  data-cy="table-label"
                >
                  Individual ID
                </span>
              </th>
              <th
                class="MuiTableCell-root MuiTableCell-head MuiTableCell-alignLeft MuiTableCell-sizeMedium css-1e9a4b0-MuiTableCell-root"
                scope="col"
              >
                <span
                  class="sc-kcLKEh iUdHLq"
                  data-cy="table-label"
                >
                  Individual
                </span>
              </th>
              <th
                class="MuiTableCell-root MuiTableCell-head MuiTableCell-alignLeft MuiTableCell-sizeMedium css-1e9a4b0-MuiTableCell-root"
                scope="col"
              >
                <span
                  class="sc-kcLKEh iUdHLq"
                  data-cy="table-label"
                >
                  Status
                </span>
              </th>
              <th
                class="MuiTableCell-root MuiTableCell-head MuiTableCell-alignLeft MuiTableCell-sizeMedium css-1e9a4b0-MuiTableCell-root"
                scope="col"
              >
                <span
                  class="sc-kcLKEh iUdHLq"
                  data-cy="table-label"
                >
                  Relationship to HoH
                </span>
              </th>
              <th
                class="MuiTableCell-root MuiTableCell-head MuiTableCell-alignRight MuiTableCell-sizeMedium css-to33az-MuiTableCell-root"
                scope="col"
              >
                <span
                  class="sc-kcLKEh iUdHLq"
                  data-cy="table-label"
                >
                  Date of Birth
                </span>
              </th>
              <th
                class="MuiTableCell-root MuiTableCell-head MuiTableCell-alignLeft MuiTableCell-sizeMedium css-1e9a4b0-MuiTableCell-root"
                scope="col"
              >
                <span
                  class="sc-kcLKEh iUdHLq"
                  data-cy="table-label"
                >
                  Gender
                </span>
              </th>
            </tr>
          </thead>
          <tbody
            class="MuiTableBody-root css-gmh7jj-MuiTableBody-root"
          >
            <tr
              class="MuiTableRow-root sc-kCuUfV fjhOdM css-1o8lslm-MuiTableRow-root"
              data-cy="table-row"
            >
              <td
                class="MuiTableCell-root MuiTableCell-body MuiTableCell-sizeMedium sc-dNdcvo lhzKhu css-1dc80h3-MuiTableCell-root"
                colspan="6"
              >
                <span
                  class="MuiSkeleton-root MuiSkeleton-rectangular MuiSkeleton-pulse css-3sr0vz-MuiSkeleton-root"
                  style="width: 100%; height: 70px;"
                />
              </td>
            </tr>
            <tr
              class="MuiTableRow-root sc-kCuUfV fjhOdM css-1o8lslm-MuiTableRow-root"
              data-cy="table-row"
            >
              <td
                class="MuiTableCell-root MuiTableCell-body MuiTableCell-sizeMedium sc-dNdcvo lhzKhu css-1dc80h3-MuiTableCell-root"
                colspan="6"
              >
                <span
                  class="MuiSkeleton-root MuiSkeleton-rectangular MuiSkeleton-pulse css-3sr0vz-MuiSkeleton-root"
                  style="width: 100%; height: 70px;"
                />
              </td>
            </tr>
            <tr
              class="MuiTableRow-root sc-kCuUfV fjhOdM css-1o8lslm-MuiTableRow-root"
              data-cy="table-row"
            >
              <td
                class="MuiTableCell-root MuiTableCell-body MuiTableCell-sizeMedium sc-dNdcvo lhzKhu css-1dc80h3-MuiTableCell-root"
                colspan="6"
              >
                <span
                  class="MuiSkeleton-root MuiSkeleton-rectangular MuiSkeleton-pulse css-3sr0vz-MuiSkeleton-root"
                  style="width: 100%; height: 70px;"
                />
              </td>
            </tr>
            <tr
              class="MuiTableRow-root sc-kCuUfV fjhOdM css-1o8lslm-MuiTableRow-root"
              data-cy="table-row"
            >
              <td
                class="MuiTableCell-root MuiTableCell-body MuiTableCell-sizeMedium sc-dNdcvo lhzKhu css-1dc80h3-MuiTableCell-root"
                colspan="6"
              >
                <span
                  class="MuiSkeleton-root MuiSkeleton-rectangular MuiSkeleton-pulse css-3sr0vz-MuiSkeleton-root"
                  style="width: 100%; height: 70px;"
                />
              </td>
            </tr>
            <tr
              class="MuiTableRow-root sc-kCuUfV fjhOdM css-1o8lslm-MuiTableRow-root"
              data-cy="table-row"
            >
              <td
                class="MuiTableCell-root MuiTableCell-body MuiTableCell-sizeMedium sc-dNdcvo lhzKhu css-1dc80h3-MuiTableCell-root"
                colspan="6"
              >
                <span
                  class="MuiSkeleton-root MuiSkeleton-rectangular MuiSkeleton-pulse css-3sr0vz-MuiSkeleton-root"
                  style="width: 100%; height: 70px;"
                />
              </td>
            </tr>
          </tbody>
        </table>
      </div>
    </div>
  </div>
</div>
`;
