// Jest Snapshot v1, https://goo.gl/fbAQLP

exports[`components/paymentmodule/PaymentPlanDetails/PaymentPlanDetailsHeader/LockPaymentPlan should render 1`] = `
<div>
  <div
    class="MuiBox-root css-hpgf8j"
  >
    <button
      class="MuiButtonBase-root MuiButton-root MuiButton-contained MuiButton-containedPrimary MuiButton-sizeMedium MuiButton-containedSizeMedium MuiButton-colorPrimary MuiButton-root MuiButton-contained MuiButton-containedPrimary MuiButton-sizeMedium MuiButton-containedSizeMedium MuiButton-colorPrimary css-cx92lf-MuiButtonBase-root-MuiButton-root"
      data-cy="button-lock-plan"
      id=":r0:"
      tabindex="0"
      type="button"
    >
      Lock
    </button>
  </div>
</div>
`;
