// Jest Snapshot v1, https://goo.gl/fbAQLP

exports[`components/paymentmodule/EditSetUpFsp/EditSetUpFspHeader should render 1`] = `
<div>
  <div
    class="css-1x0er1"
    data-cy="page-header-container"
  >
    <div
      class="css-n88ekr"
    >
      <div
        class="css-ozdmop"
      >
        <div>
          <div
            class="MuiBox-root css-70qvj9"
          >
            <div
              class="css-9dlhcl"
            >
              <h5
                class="MuiTypography-root MuiTypography-h5 css-16xl4zq-MuiTypography-root"
                data-cy="page-header-title"
              >
                Edit Set up FSP
              </h5>
            </div>
            <div
              class="MuiBox-root css-15aqakd"
              data-cy="button-admin"
            />
          </div>
        </div>
        <div
          class="css-yeouz0"
        />
      </div>
    </div>
    <div
      class="css-8hfbf4"
    />
  </div>
</div>
`;
