// Jest Snapshot v1, https://goo.gl/fbAQLP

exports[`components/core/CashPlanDetails should render 1`] = `
<div>
  <div
    class="MuiPaper-root MuiPaper-elevation MuiPaper-rounded MuiPaper-elevation1 sc-beySPh ehchJK css-1ps6pg7-MuiPaper-root"
  >
    <div
      class="MuiBox-root css-qfdd9t"
      style="width: 100%;"
    >
      <div
        class="MuiBox-root css-j7qwjs"
      >
        <div
          class="sc-iBdnpw fIJfic"
        >
          <h6
            class="MuiTypography-root MuiTypography-h6 css-1j53xw6-MuiTypography-root"
          >
            Payment Plan Details
          </h6>
        </div>
        <div
          class="sc-eDLKkx dztDbI"
        >
          <div
            class="MuiGrid-root MuiGrid-container MuiGrid-spacing-xs-6 css-zow5z4-MuiGrid-root"
          >
            <div
              class="MuiGrid-root MuiGrid-item MuiGrid-grid-xs-4 css-gj1fbr-MuiGrid-root"
            >
              <div>
                <span
                  class="sc-dmyCSP edirvw"
                  color="textSecondary"
                >
                  Status
                </span>
                <div
                  data-cy="label-Status"
                >
                  <span
                    class="sc-hLQSwg hXyiIZ"
                    color="textSecondary"
                  >
                    <div
                      class="sc-jTQCzO eAkjXM"
                    >
                      <div
                        class="sc-gLLuof bfnybE status-box-container"
                        data-cy="status-container"
                      >
                        DISTRIBUTION COMPLETED
                      </div>
                    </div>
                  </span>
                </div>
              </div>
            </div>
            <div
              class="MuiGrid-root MuiGrid-item MuiGrid-grid-xs-4 css-gj1fbr-MuiGrid-root"
            >
              <div>
                <span
                  class="sc-dmyCSP edirvw"
                  color="textSecondary"
                >
                  Plan Start Date
                </span>
                <div
                  data-cy="label-Plan Start Date"
                >
                  <span
                    class="sc-hLQSwg hXyiIZ"
                    color="textSecondary"
                  >
                    <time
                      datetime="1594703053000"
                    >
                      14 Jul 2020
                    </time>
                  </span>
                </div>
              </div>
            </div>
            <div
              class="MuiGrid-root MuiGrid-item MuiGrid-grid-xs-4 css-gj1fbr-MuiGrid-root"
            >
              <div>
                <span
                  class="sc-dmyCSP edirvw"
                  color="textSecondary"
                >
                  Plan End Date
                </span>
                <div
                  data-cy="label-Plan End Date"
                >
                  <span
                    class="sc-hLQSwg hXyiIZ"
                    color="textSecondary"
                  >
                    <time
                      datetime="1679029453000"
                    >
                      17 Mar 2023
                    </time>
                  </span>
                </div>
              </div>
            </div>
            <div
              class="MuiGrid-root MuiGrid-item MuiGrid-grid-xs-4 css-gj1fbr-MuiGrid-root"
            >
              <div>
                <span
                  class="sc-dmyCSP edirvw"
                  color="textSecondary"
                >
                  Payment Plan Name
                </span>
                <div
                  data-cy="label-Payment Plan Name"
                >
                  <span
                    class="sc-hLQSwg hXyiIZ"
                    color="textSecondary"
                  >
                    Military citizen until amount.
                  </span>
                </div>
              </div>
            </div>
            <div
              class="MuiGrid-root MuiGrid-item MuiGrid-grid-xs-4 css-gj1fbr-MuiGrid-root"
            >
              <div>
                <span
                  class="sc-dmyCSP edirvw"
                  color="textSecondary"
                >
                  delivery type
                </span>
                <div
                  data-cy="label-delivery type"
                >
                  <span
                    class="sc-hLQSwg hXyiIZ"
                    color="textSecondary"
                  >
                    Voucher
                  </span>
                </div>
              </div>
            </div>
            <div
              class="MuiGrid-root MuiGrid-item MuiGrid-grid-xs-4 css-gj1fbr-MuiGrid-root"
            >
              <div>
                <span
                  class="sc-dmyCSP edirvw"
                  color="textSecondary"
                >
                  assistance through
                </span>
                <div
                  data-cy="label-assistance through"
                >
                  -
                </div>
              </div>
            </div>
            <div
              class="MuiGrid-root MuiGrid-item MuiGrid-grid-xs-4 css-gj1fbr-MuiGrid-root"
            >
              <div>
                <span
                  class="sc-dmyCSP edirvw"
                  color="textSecondary"
                >
                  dispertion date
                </span>
                <div
                  data-cy="label-dispertion date"
                >
                  <span
                    class="sc-hLQSwg hXyiIZ"
                    color="textSecondary"
                  >
                    <time
                      datetime="1639458253000"
                    >
                      14 Dec 2021
                    </time>
                  </span>
                </div>
              </div>
            </div>
            <div
              class="MuiGrid-root MuiGrid-item MuiGrid-grid-xs-4 css-gj1fbr-MuiGrid-root"
            >
              <div>
                <span
                  class="sc-dmyCSP edirvw"
                  color="textSecondary"
                >
                  fc id
                </span>
                <div
                  data-cy="label-fc id"
                >
                  <span
                    class="sc-hLQSwg hXyiIZ"
                    color="textSecondary"
                  >
                    62947144
                  </span>
                </div>
              </div>
            </div>
            <div
              class="MuiGrid-root MuiGrid-item MuiGrid-grid-xs-4 css-gj1fbr-MuiGrid-root"
            >
              <div>
                <span
                  class="sc-dmyCSP edirvw"
                  color="textSecondary"
                >
                  dp id
                </span>
                <div
                  data-cy="label-dp id"
                >
                  <span
                    class="sc-hLQSwg hXyiIZ"
                    color="textSecondary"
                  >
                    27371694
                  </span>
                </div>
              </div>
            </div>
            <div
              class="MuiGrid-root MuiGrid-item MuiGrid-grid-xs-4 css-gj1fbr-MuiGrid-root"
            >
              <div>
                <span
                  class="sc-dmyCSP edirvw"
                  color="textSecondary"
                >
                  Target population(s)
                </span>
                <div
                  data-cy="label-Target population(s)"
                >
                  <span
                    class="sc-hLQSwg hXyiIZ"
                    color="textSecondary"
                  >
                    <span>
                      <a
                        class="sc-guDLey ibjlhn"
                        href="/afghanistan/programs/UHJvZ3JhbU5vZGU6NmI1OTE1OTktYmNhNy00NDVhLWJmZjItYWU5MTUyMjMxZGFm/target-population/VGFyZ2V0UG9wdWxhdGlvbk5vZGU6ZGRlODE4MDUtMWQ0Ny00YzY0LTgzYTMtMzQ3NWEzMGVmZTJk"
                      >
                        Floor anyone remain play most.
                      </a>
                       
                    </span>
                    <span>
                      <a
                        class="sc-guDLey ibjlhn"
                        href="/afghanistan/programs/UHJvZ3JhbU5vZGU6NmI1OTE1OTktYmNhNy00NDVhLWJmZjItYWU5MTUyMjMxZGFm/target-population/VGFyZ2V0UG9wdWxhdGlvbk5vZGU6MTdlM2VmMjAtNjczMy00ZDNhLWFiMDUtZjVkOTgzZjViMjI1"
                      >
                        Former center score fire role.
                      </a>
                       
                    </span>
                    <span>
                      <a
                        class="sc-guDLey ibjlhn"
                        href="/afghanistan/programs/UHJvZ3JhbU5vZGU6NmI1OTE1OTktYmNhNy00NDVhLWJmZjItYWU5MTUyMjMxZGFm/target-population/VGFyZ2V0UG9wdWxhdGlvbk5vZGU6MjRkMTdhODktMjg4OC00NDI0LTgxMDAtYmU3MTZjOWFkNDk3"
                      >
                        Stock before maybe campaign blue history recently.
                      </a>
                       
                    </span>
                    <span>
                      <a
                        class="sc-guDLey ibjlhn"
                        href="/afghanistan/programs/UHJvZ3JhbU5vZGU6NmI1OTE1OTktYmNhNy00NDVhLWJmZjItYWU5MTUyMjMxZGFm/target-population/VGFyZ2V0UG9wdWxhdGlvbk5vZGU6NzNiNTFhNjctZmRmNy00ODkwLWIyOWItMjhhYzk4NTc4OGRk"
                      >
                        Eight affect late place.
                      </a>
                       
                    </span>
                    <span>
                      <a
                        class="sc-guDLey ibjlhn"
                        href="/afghanistan/programs/UHJvZ3JhbU5vZGU6NmI1OTE1OTktYmNhNy00NDVhLWJmZjItYWU5MTUyMjMxZGFm/target-population/VGFyZ2V0UG9wdWxhdGlvbk5vZGU6ZjZkZjc2MDctMzMyZi00NDYwLWJiMzgtMTZiZGM4MGVkNTkz"
                      >
                        Seek development woman once worker.
                      </a>
                       
                    </span>
                  </span>
                </div>
              </div>
            </div>
          </div>
          <div
            class="sc-fsYfdN eoQjuz"
          >
            <div>
              <span
                class="sc-dmyCSP edirvw"
                color="textSecondary"
              >
                Total Number of Households
              </span>
              <div
                data-cy="label-Total Number of Households"
              >
                <span
                  class="sc-hLQSwg hXyiIZ"
                  color="textSecondary"
                >
                  <div
                    class="sc-qZrbh hnKrjX"
                  >
                    5
                  </div>
                </span>
              </div>
            </div>
          </div>
        </div>
      </div>
    </div>
  </div>
</div>
`;
