// Jest Snapshot v1, https://goo.gl/fbAQLP

exports[`components/paymentmodule/PaymentPlanDetails/PaymentPlanDetails should render 1`] = `
<div>
  <div
    class="MuiGrid2-root MuiGrid2-direction-xs-row MuiGrid2-grid-xs-12 css-1j0u08r-MuiGrid2-root"
  >
    <div
      class="MuiPaper-root MuiPaper-elevation MuiPaper-rounded MuiPaper-elevation1 sc-dVBluf ebFzuo css-1gtchvp-MuiPaper-root"
      style="--Paper-shadow: 0px 2px 1px -1px rgba(0,0,0,0.2),0px 1px 1px 0px rgba(0,0,0,0.14),0px 1px 3px 0px rgba(0,0,0,0.12);"
    >
      <div
        class="sc-gNZgCX kFsGVB"
      >
        <h6
          class="MuiTypography-root MuiTypography-h6 css-66ugg1-MuiTypography-root"
        >
          Details
        </h6>
      </div>
      <div
        class="sc-jbAkgO jpddxj"
      >
        <div
          class="MuiGrid2-root MuiGrid2-container MuiGrid2-direction-xs-row css-1jxwjqx-MuiGrid2-root"
        >
          <div
            class="MuiGrid2-root MuiGrid2-container MuiGrid2-direction-xs-row MuiGrid2-grid-xs-9 MuiGrid2-spacing-xs-6 css-kel0za-MuiGrid2-root"
          >
            <div
              class="MuiGrid2-root MuiGrid2-direction-xs-row MuiGrid2-grid-xs-3 css-hxbzlh-MuiGrid2-root"
            >
              <div>
                <span
                  class="sc-fLDLck ivXKQK"
                  color="textSecondary"
                >
                  Created By
                </span>
                <div
                  data-cy="label-Created By"
                >
                  <span
                    class="sc-dycHyt kguSQI"
                    color="textSecondary"
                  >
                    Matthew Sosa
                  </span>
                </div>
              </div>
            </div>
            <div
              class="MuiGrid2-root MuiGrid2-direction-xs-row MuiGrid2-grid-xs-3 css-hxbzlh-MuiGrid2-root"
            >
              <div>
                <span
                  class="sc-fLDLck ivXKQK"
                  color="textSecondary"
                >
                  Programme
                </span>
                <div
                  data-cy="label-Programme"
                >
                  <span
                    class="sc-dycHyt kguSQI"
                    color="textSecondary"
                  >
                    <a
                      class="sc-FEMpB gVfMNY"
                      href="/afghanistan/programs/UHJvZ3JhbU5vZGU6NmI1OTE1OTktYmNhNy00NDVhLWJmZjItYWU5MTUyMjMxZGFm/details/UHJvZ3JhbU5vZGU6NWJhMjEzY2UtNmNlOS00NTc4LThhNDgtYjFmMDgyM2Q2MDAy"
                    >
                      Already attention fear well hit instead person.
                    </a>
                  </span>
                </div>
              </div>
            </div>
            <div
              class="MuiGrid2-root MuiGrid2-direction-xs-row MuiGrid2-grid-xs-3 css-hxbzlh-MuiGrid2-root"
            >
              <div>
                <span
                  class="sc-fLDLck ivXKQK"
                  color="textSecondary"
                >
                  Target Population
                </span>
                <div
                  data-cy="label-Target Population"
                >
                  <span
                    class="sc-dycHyt kguSQI"
                    color="textSecondary"
                  >
                    <a
                      class="sc-FEMpB gVfMNY"
                      href="/afghanistan/programs/UHJvZ3JhbU5vZGU6NmI1OTE1OTktYmNhNy00NDVhLWJmZjItYWU5MTUyMjMxZGFm/target-population/UGF5bWVudFBsYW5Ob2RlOmE5YzJjMmM4LWJmYWUtNDBhMy05YmYwLWIxYWE1ZmRlMDE0YQ=="
                    />
                  </span>
                </div>
              </div>
            </div>
            <div
              class="MuiGrid2-root MuiGrid2-direction-xs-row MuiGrid2-grid-xs-3 css-hxbzlh-MuiGrid2-root"
            >
              <div>
                <span
                  class="sc-fLDLck ivXKQK"
                  color="textSecondary"
                >
                  Currency
                </span>
                <div
                  data-cy="label-Currency"
                >
                  <span
                    class="sc-dycHyt kguSQI"
                    color="textSecondary"
                  >
                    PLN
                  </span>
                </div>
              </div>
            </div>
            <div
              class="MuiGrid2-root MuiGrid2-direction-xs-row MuiGrid2-grid-xs-3 css-hxbzlh-MuiGrid2-root"
            >
              <div>
                <span
                  class="sc-fLDLck ivXKQK"
                  color="textSecondary"
                >
                  Start Date
                </span>
                <div
                  data-cy="label-Start Date"
                >
                  <span
                    class="sc-dycHyt kguSQI"
                    color="textSecondary"
                  >
                    <time
                      datetime="1603756800000"
                    >
                      27 Oct 2020
                    </time>
                  </span>
                </div>
              </div>
            </div>
            <div
              class="MuiGrid2-root MuiGrid2-direction-xs-row MuiGrid2-grid-xs-3 css-hxbzlh-MuiGrid2-root"
            >
              <div>
                <span
                  class="sc-fLDLck ivXKQK"
                  color="textSecondary"
                >
                  End Date
                </span>
                <div
                  data-cy="label-End Date"
                >
                  <span
                    class="sc-dycHyt kguSQI"
                    color="textSecondary"
                  >
                    <time
                      datetime="1631059200000"
                    >
                      8 Sep 2021
                    </time>
                  </span>
                </div>
              </div>
            </div>
            <div
              class="MuiGrid2-root MuiGrid2-direction-xs-row MuiGrid2-grid-xs-3 css-hxbzlh-MuiGrid2-root"
            >
              <div>
                <span
                  class="sc-fLDLck ivXKQK"
                  color="textSecondary"
                >
                  Dispersion Start Date
                </span>
                <div
                  data-cy="label-Dispersion Start Date"
                >
                  <span
                    class="sc-dycHyt kguSQI"
                    color="textSecondary"
                  >
                    <time
                      datetime="1842307200000"
                    >
                      19 May 2028
                    </time>
                  </span>
                </div>
              </div>
            </div>
            <div
              class="MuiGrid2-root MuiGrid2-direction-xs-row MuiGrid2-grid-xs-3 css-hxbzlh-MuiGrid2-root"
            >
              <div>
                <span
                  class="sc-fLDLck ivXKQK"
                  color="textSecondary"
                >
                  Dispersion End Date
                </span>
                <div
                  data-cy="label-Dispersion End Date"
                >
                  <span
                    class="sc-dycHyt kguSQI"
                    color="textSecondary"
                  >
                    <time
                      datetime="1880755200000"
                    >
                      7 Aug 2029
                    </time>
                  </span>
                </div>
              </div>
            </div>
            <div
              class="MuiGrid2-root MuiGrid2-direction-xs-row MuiGrid2-grid-xs-3 css-hxbzlh-MuiGrid2-root"
            >
              <div
                class="MuiBox-root css-15ro776"
              >
                <div>
                  <span
                    class="sc-fLDLck ivXKQK"
                    color="textSecondary"
                  >
                    FX Rate Applied
                  </span>
                  <div
                    data-cy="label-FX Rate Applied"
                  >
                    -
                  </div>
                </div>
              </div>
              <button
                aria-label="exchange-rate"
                class="MuiButtonBase-root MuiIconButton-root MuiIconButton-colorPrimary MuiIconButton-sizeMedium css-9mgek4-MuiButtonBase-root-MuiIconButton-root"
                data-cy="info-exchange-rate"
                data-mui-internal-clone-element="true"
                id=":r1:"
                tabindex="0"
                type="button"
              >
                <svg
                  aria-hidden="true"
                  class="MuiSvgIcon-root MuiSvgIcon-fontSizeMedium css-1umw9bq-MuiSvgIcon-root"
                  data-testid="InfoIcon"
                  focusable="false"
                  viewBox="0 0 24 24"
                >
                  <path
                    d="M12 2C6.48 2 2 6.48 2 12s4.48 10 10 10 10-4.48 10-10S17.52 2 12 2m1 15h-2v-6h2zm0-8h-2V7h2z"
                  />
                </svg>
              </button>
            </div>
          </div>
          <div
            class="MuiGrid2-root MuiGrid2-container MuiGrid2-direction-xs-column MuiGrid2-grid-xs-3 MuiGrid2-spacing-xs-6 css-gxd0v3-MuiGrid2-root"
          >
            <div
              class="MuiGrid2-root MuiGrid2-direction-xs-row MuiGrid2-grid-xs-12 css-1j0u08r-MuiGrid2-root"
            >
              <div
                class="sc-kfeOyU fMDCaE"
                color="#84A1CA"
              >
                <div>
                  <span
                    class="sc-fLDLck ivXKQK"
                    color="textSecondary"
                  >
                    Related Follow-Up Payment Plans
                  </span>
                  <div
                    data-cy="label-Related Follow-Up Payment Plans"
                  >
                    <span
                      class="sc-dycHyt kguSQI"
                      color="textSecondary"
                    >
                      <div
                        class="MuiBox-root css-j7qwjs"
                      >
                        -
                      </div>
                    </span>
                  </div>
                </div>
              </div>
            </div>
          </div>
        </div>
      </div>
    </div>
  </div>
</div>
`;
